[INFO] Scanning for projects...
[INFO] 
[INFO] ---------------------< com.makemytrip:makemytrip >----------------------
[INFO] Building makemytrip 0.0.1-SNAPSHOT
[INFO]   from pom.xml
[INFO] --------------------------------[ jar ]---------------------------------
[INFO] 
[INFO] --- resources:3.3.1:resources (default-resources) @ makemytrip ---
[INFO] Copying 7 resources from backend\src\main\resources to target\classes
[INFO] 
[INFO] --- compiler:3.13.0:compile (default-compile) @ makemytrip ---
[INFO] Nothing to compile - all classes are up to date.
[INFO] 
[INFO] --- resources:3.3.1:testResources (default-testResources) @ makemytrip ---
[INFO] Copying 1 resource from backend\src\test\resources to target\test-classes
[INFO] 
[INFO] --- compiler:3.13.0:testCompile (default-testCompile) @ makemytrip ---
[INFO] Nothing to compile - all classes are up to date.
[INFO] 
[INFO] --- surefire:3.5.2:test (default-test) @ makemytrip ---
[INFO] Using auto detected provider org.apache.maven.surefire.junitplatform.JUnitPlatformProvider
[INFO] 
[INFO] -------------------------------------------------------
[INFO]  T E S T S
[INFO] -------------------------------------------------------
[INFO] Running com.makemytrip.modules.reviews.ReviewControllerUploadTest
16:49:42.706 [main] INFO org.springframework.test.context.support.AnnotationConfigContextLoaderUtils -- Could not detect default configuration classes for test class [com.makemytrip.modules.reviews.ReviewControllerUploadTest]: ReviewControllerUploadTest does not declare any static, non-private, non-final, nested classes annotated with @Configuration.
16:49:42.932 [main] INFO org.springframework.boot.test.context.SpringBootTestContextBootstrapper -- Found @SpringBootConfiguration com.makemytrip.MakemytripApplication for test class com.makemytrip.modules.reviews.ReviewControllerUploadTest
16:49:43.013 [main] INFO org.springframework.boot.devtools.restart.RestartApplicationListener -- Restart disabled due to context in which it is running

  .   ____          _            __ _ _
 /\\ / ___'_ __ _ _(_)_ __  __ _ \ \ \ \
( ( )\___ | '_ | '_| | '_ \/ _` | \ \ \ \
 \\/  ___)| |_)| | | | | || (_| |  ) ) ) )
  '  |____| .__|_| |_|_| |_\__, | / / / /
 =========|_|==============|___/=/_/_/_/

 :: Spring Boot ::                (v3.4.1)

2026-03-19T16:49:43.327+05:30  INFO 22416 --- [makemytrip] [           main] c.m.m.r.ReviewControllerUploadTest       : Starting ReviewControllerUploadTest using Java 17.0.12 with PID 22416 (started by abhim in E:\ProJect\make-my-trip-clone-springboot-main\make-my-trip-clone-springboot-main)
2026-03-19T16:49:43.328+05:30  INFO 22416 --- [makemytrip] [           main] c.m.m.r.ReviewControllerUploadTest       : No active profile set, falling back to 1 default profile: "default"
.\mvnw.cmd : Java 
HotSpot(TM) 64-Bit 
Server VM warning: 
Sharing is only 
supported for boot 
loader classes because 
bootstrap classpath 
has been appended
At line:1 char:1
+ .\mvnw.cmd test -Dtes
t=ReviewControllerUploa
dTest > 
test_output.txt 2 ...
+ ~~~~~~~~~~~~~~~~~~~~~
~~~~~~~~~~~~~~~~~~~~~~~
~~~~~~~~~~~~~~~~~~~~~~~
~~
    + CategoryInfo     
         : 
NotSpecified: (Jav    
a HotSpot(TM...s been  
   appended:String) 
[], R    emoteException
    + 
FullyQualifiedErrorI   
 d : NativeCommandError
 
2026-03-19T16:49:44.939+05:30  WARN 22416 --- [makemytrip] [           main] o.s.w.c.s.GenericWebApplicationContext   : Exception encountered during context initialization - cancelling refresh attempt: org.springframework.beans.factory.UnsatisfiedDependencyException: Error creating bean with name 'jwtAuthenticationFilter' defined in file [E:\ProJect\make-my-trip-clone-springboot-main\make-my-trip-clone-springboot-main\target\classes\com\makemytrip\security\JwtAuthenticationFilter.class]: Unsatisfied dependency expressed through constructor parameter 0: No qualifying bean of type 'com.makemytrip.security.JwtService' available: expected at least 1 bean which qualifies as autowire candidate. Dependency annotations: {}



=======================
=====
CONDITIONS EVALUATION 
REPORT
=======================
=====


Positive matches:
-----------------

   ErrorMvcAutoConfigur
ation matched:
      - 
@ConditionalOnClass 
found required classes 
'jakarta.servlet.Servle
t', 'org.springframewor
k.web.servlet.Dispatche
rServlet' 
(OnClassCondition)
      - found 
'session' scope (OnWebA
pplicationCondition)

   ErrorMvcAutoConfigur
ation#basicErrorControl
ler matched:
      - @ConditionalOnM
issingBean (types: org.
springframework.boot.we
b.servlet.error.ErrorCo
ntroller; 
SearchStrategy: 
current) did not find 
any beans 
(OnBeanCondition)

   ErrorMvcAutoConfigur
ation#errorAttributes 
matched:
      - @ConditionalOnM
issingBean (types: org.
springframework.boot.we
b.servlet.error.ErrorAt
tributes; 
SearchStrategy: 
current) did not find 
any beans 
(OnBeanCondition)

   ErrorMvcAutoConfigur
ation.WhitelabelErrorVi
ewConfiguration 
matched:
      - 
@ConditionalOnProperty 
(server.error.whitelabe
l.enabled) matched 
(OnPropertyCondition)
      - ErrorTemplate 
Missing did not find 
error template view (Er
rorMvcAutoConfiguration
.ErrorTemplateMissingCo
ndition)

   ErrorMvcAutoConfigur
ation.WhitelabelErrorVi
ewConfiguration#beanNam
eViewResolver matched:
      - @ConditionalOnM
issingBean (types: org.
springframework.web.ser
vlet.view.BeanNameViewR
esolver; 
SearchStrategy: all) 
did not find any beans 
(OnBeanCondition)

   ErrorMvcAutoConfigur
ation.WhitelabelErrorVi
ewConfiguration#default
ErrorView matched:
      - @ConditionalOnM
issingBean (names: 
error; SearchStrategy: 
all) did not find any 
beans (OnBeanCondition)

   HttpEncodingAutoConf
iguration matched:
      - 
@ConditionalOnClass 
found required class 'o
rg.springframework.web.
filter.CharacterEncodin
gFilter' 
(OnClassCondition)
      - found 
'session' scope (OnWebA
pplicationCondition)
      - 
@ConditionalOnProperty 
(server.servlet.encodin
g.enabled) matched 
(OnPropertyCondition)

   HttpEncodingAutoConf
iguration#characterEnco
dingFilter matched:
      - @ConditionalOnM
issingBean (types: org.
springframework.web.fil
ter.CharacterEncodingFi
lter; SearchStrategy: 
all) did not find any 
beans (OnBeanCondition)

   HttpMessageConverter
sAutoConfiguration 
matched:
      - 
@ConditionalOnClass 
found required class 'o
rg.springframework.http
.converter.HttpMessageC
onverter' 
(OnClassCondition)
      - 
NoneNestedConditions 0 
matched 1 did not; 
NestedCondition on Http
MessageConvertersAutoCo
nfiguration.NotReactive
WebApplicationCondition
.ReactiveWebApplication
 did not find reactive 
web application 
classes (HttpMessageCon
vertersAutoConfiguratio
n.NotReactiveWebApplica
tionCondition)

   HttpMessageConverter
sAutoConfiguration#mess
ageConverters matched:
      - @ConditionalOnM
issingBean (types: org.
springframework.boot.au
toconfigure.http.HttpMe
ssageConverters; 
SearchStrategy: all) 
did not find any beans 
(OnBeanCondition)

   HttpMessageConverter
sAutoConfiguration.Stri
ngHttpMessageConverterC
onfiguration matched:
      - 
@ConditionalOnClass 
found required class 'o
rg.springframework.http
.converter.StringHttpMe
ssageConverter' 
(OnClassCondition)

   HttpMessageConverter
sAutoConfiguration.Stri
ngHttpMessageConverterC
onfiguration#stringHttp
MessageConverter 
matched:
      - @ConditionalOnM
issingBean (types: org.
springframework.http.co
nverter.StringHttpMessa
geConverter; 
SearchStrategy: all) 
did not find any beans 
(OnBeanCondition)

   JacksonAutoConfigura
tion matched:
      - 
@ConditionalOnClass 
found required class 'c
om.fasterxml.jackson.da
tabind.ObjectMapper' 
(OnClassCondition)

   JacksonAutoConfigura
tion.Jackson2ObjectMapp
erBuilderCustomizerConf
iguration matched:
      - 
@ConditionalOnClass 
found required class 'o
rg.springframework.http
.converter.json.Jackson
2ObjectMapperBuilder' 
(OnClassCondition)

   JacksonAutoConfigura
tion.JacksonObjectMappe
rBuilderConfiguration 
matched:
      - 
@ConditionalOnClass 
found required class 'o
rg.springframework.http
.converter.json.Jackson
2ObjectMapperBuilder' 
(OnClassCondition)

   JacksonAutoConfigura
tion.JacksonObjectMappe
rBuilderConfiguration#j
acksonObjectMapperBuild
er matched:
      - @ConditionalOnM
issingBean (types: org.
springframework.http.co
nverter.json.Jackson2Ob
jectMapperBuilder; 
SearchStrategy: all) 
did not find any beans 
(OnBeanCondition)

   JacksonAutoConfigura
tion.JacksonObjectMappe
rConfiguration matched:
      - 
@ConditionalOnClass 
found required class 'o
rg.springframework.http
.converter.json.Jackson
2ObjectMapperBuilder' 
(OnClassCondition)

   JacksonAutoConfigura
tion.JacksonObjectMappe
rConfiguration#jacksonO
bjectMapper matched:
      - @ConditionalOnM
issingBean (types: com.
fasterxml.jackson.datab
ind.ObjectMapper; 
SearchStrategy: all) 
did not find any beans 
(OnBeanCondition)

   JacksonAutoConfigura
tion.ParameterNamesModu
leConfiguration 
matched:
      - 
@ConditionalOnClass 
found required class 'c
om.fasterxml.jackson.mo
dule.paramnames.Paramet
erNamesModule' 
(OnClassCondition)

   JacksonAutoConfigura
tion.ParameterNamesModu
leConfiguration#paramet
erNamesModule matched:
      - @ConditionalOnM
issingBean (types: com.
fasterxml.jackson.modul
e.paramnames.ParameterN
amesModule; 
SearchStrategy: all) 
did not find any beans 
(OnBeanCondition)

   JacksonHttpMessageCo
nvertersConfiguration.M
appingJackson2HttpMessa
geConverterConfiguratio
n matched:
      - 
@ConditionalOnClass 
found required class 'c
om.fasterxml.jackson.da
tabind.ObjectMapper' 
(OnClassCondition)
      - 
@ConditionalOnProperty 
(spring.mvc.converters.
preferred-json-mapper=j
ackson) matched 
(OnPropertyCondition)
      - 
@ConditionalOnBean 
(types: com.fasterxml.j
ackson.databind.ObjectM
apper; SearchStrategy: 
all) found bean 
'jacksonObjectMapper' 
(OnBeanCondition)

   JacksonHttpMessageCo
nvertersConfiguration.M
appingJackson2HttpMessa
geConverterConfiguratio
n#mappingJackson2HttpMe
ssageConverter matched:
      - @ConditionalOnM
issingBean (types: org.
springframework.http.co
nverter.json.MappingJac
kson2HttpMessageConvert
er ignored: org.springf
ramework.hateoas.server
.mvc.TypeConstrainedMap
pingJackson2HttpMessage
Converter,org.springfra
mework.data.rest.webmvc
.alps.AlpsJsonHttpMessa
geConverter; 
SearchStrategy: all) 
did not find any beans 
(OnBeanCondition)

   MockMvcAutoConfigura
tion matched:
      - found 
'session' scope (OnWebA
pplicationCondition)

   MockMvcAutoConfigura
tion#dispatcherServlet 
matched:
      - @ConditionalOnM
issingBean (types: org.
springframework.web.ser
vlet.DispatcherServlet;
 SearchStrategy: all) 
did not find any beans 
(OnBeanCondition)

   MockMvcAutoConfigura
tion#dispatcherServletP
ath matched:
      - @ConditionalOnM
issingBean (types: org.
springframework.boot.au
toconfigure.web.servlet
.DispatcherServletPath;
 SearchStrategy: all) 
did not find any beans 
(OnBeanCondition)

   MockMvcConfiguration
#mockMvc matched:
      - @ConditionalOnM
issingBean (types: org.
springframework.test.we
b.servlet.MockMvc; 
SearchStrategy: all) 
did not find any beans 
(OnBeanCondition)

   MockMvcConfiguration
#mockMvcBuilder 
matched:
      - @ConditionalOnM
issingBean (types: org.
springframework.test.we
b.servlet.MockMvcBuilde
r; SearchStrategy: 
all) did not find any 
beans (OnBeanCondition)

   MockMvcSecurityConfi
guration matched:
      - 
@ConditionalOnClass 
found required class 'o
rg.springframework.secu
rity.test.web.servlet.r
equest.SecurityMockMvcR
equestPostProcessors' 
(OnClassCondition)

   MockMvcTesterConfigu
ration matched:
      - 
@ConditionalOnClass 
found required class 'o
rg.assertj.core.api.Ass
ert' (OnClassCondition)

   MockMvcTesterConfigu
ration#mockMvcTester 
matched:
      - @ConditionalOnM
issingBean (types: org.
springframework.test.we
b.servlet.assertj.MockM
vcTester; 
SearchStrategy: all) 
did not find any beans 
(OnBeanCondition)

   
NoOpCacheConfiguration 
matched:
      - Cache org.sprin
gframework.boot.autocon
figure.cache.NoOpCacheC
onfiguration NONE 
cache type 
(CacheCondition)

   SecurityFilterAutoCo
nfiguration matched:
      - 
@ConditionalOnClass 
found required classes 
'org.springframework.se
curity.web.context.Abst
ractSecurityWebApplicat
ionInitializer', 'org.s
pringframework.security
.config.http.SessionCre
ationPolicy' 
(OnClassCondition)
      - found 
'session' scope (OnWebA
pplicationCondition)

   SpringDataWebAutoCon
figuration matched:
      - 
@ConditionalOnClass 
found required classes 
'org.springframework.da
ta.web.PageableHandlerM
ethodArgumentResolver',
 'org.springframework.w
eb.servlet.config.annot
ation.WebMvcConfigurer'
 (OnClassCondition)
      - found 
'session' scope (OnWebA
pplicationCondition)
      - @ConditionalOnM
issingBean (types: org.
springframework.data.we
b.PageableHandlerMethod
ArgumentResolver; 
SearchStrategy: all) 
did not find any beans 
(OnBeanCondition)

   SpringDataWebAutoCon
figuration#pageableCust
omizer matched:
      - @ConditionalOnM
issingBean (types: org.
springframework.data.we
b.config.PageableHandle
rMethodArgumentResolver
Customizer; 
SearchStrategy: all) 
did not find any beans 
(OnBeanCondition)

   SpringDataWebAutoCon
figuration#sortCustomiz
er matched:
      - @ConditionalOnM
issingBean (types: org.
springframework.data.we
b.config.SortHandlerMet
hodArgumentResolverCust
omizer; 
SearchStrategy: all) 
did not find any beans 
(OnBeanCondition)

   SpringDataWebAutoCon
figuration#springDataWe
bSettings matched:
      - @ConditionalOnM
issingBean (types: org.
springframework.data.we
b.config.SpringDataWebS
ettings; 
SearchStrategy: all) 
did not find any beans 
(OnBeanCondition)

   TaskExecutionAutoCon
figuration matched:
      - 
@ConditionalOnClass 
found required class 'o
rg.springframework.sche
duling.concurrent.Threa
dPoolTaskExecutor' 
(OnClassCondition)

   TaskExecutorConfigur
ations.SimpleAsyncTaskE
xecutorBuilderConfigura
tion#simpleAsyncTaskExe
cutorBuilder matched:
      - @ConditionalOnM
issingBean (types: org.
springframework.boot.ta
sk.SimpleAsyncTaskExecu
torBuilder; 
SearchStrategy: all) 
did not find any beans 
(OnBeanCondition)
      - @ConditionalOnT
hreading found 
PLATFORM 
(OnThreadingCondition)

   TaskExecutorConfigur
ations.TaskExecutorConf
iguration matched:
      - @ConditionalOnM
issingBean (types: java
.util.concurrent.Execut
or; SearchStrategy: 
all) did not find any 
beans (OnBeanCondition)

   TaskExecutorConfigur
ations.TaskExecutorConf
iguration#applicationTa
skExecutor matched:
      - @ConditionalOnT
hreading found 
PLATFORM 
(OnThreadingCondition)

   TaskExecutorConfigur
ations.ThreadPoolTaskEx
ecutorBuilderConfigurat
ion#threadPoolTaskExecu
torBuilder matched:
      - @ConditionalOnM
issingBean (types: org.
springframework.boot.ta
sk.ThreadPoolTaskExecut
orBuilder; 
SearchStrategy: all) 
did not find any beans 
(OnBeanCondition)

   ValidationAutoConfig
uration matched:
      - 
@ConditionalOnClass 
found required class 'j
akarta.validation.execu
table.ExecutableValidat
or' (OnClassCondition)
      - 
@ConditionalOnResource 
found location classpat
h:META-INF/services/jak
arta.validation.spi.Val
idationProvider 
(OnResourceCondition)

   ValidationAutoConfig
uration#defaultValidato
r matched:
      - @ConditionalOnM
issingBean (types: jaka
rta.validation.Validato
r; SearchStrategy: 
all) did not find any 
beans (OnBeanCondition)

   ValidationAutoConfig
uration#methodValidatio
nPostProcessor matched:
      - @ConditionalOnM
issingBean (types: org.
springframework.validat
ion.beanvalidation.Meth
odValidationPostProcess
or; SearchStrategy: 
current) did not find 
any beans 
(OnBeanCondition)

   WebMvcAutoConfigurat
ion matched:
      - 
@ConditionalOnClass 
found required classes 
'jakarta.servlet.Servle
t', 'org.springframewor
k.web.servlet.Dispatche
rServlet', 'org.springf
ramework.web.servlet.co
nfig.annotation.WebMvcC
onfigurer' 
(OnClassCondition)
      - found 
'session' scope (OnWebA
pplicationCondition)
      - @ConditionalOnM
issingBean (types: org.
springframework.web.ser
vlet.config.annotation.
WebMvcConfigurationSupp
ort; SearchStrategy: 
all) did not find any 
beans (OnBeanCondition)

   WebMvcAutoConfigurat
ion#formContentFilter 
matched:
      - 
@ConditionalOnProperty 
(spring.mvc.formcontent
.filter.enabled) 
matched 
(OnPropertyCondition)
      - @ConditionalOnM
issingBean (types: org.
springframework.web.fil
ter.FormContentFilter; 
SearchStrategy: all) 
did not find any beans 
(OnBeanCondition)

   WebMvcAutoConfigurat
ion.EnableWebMvcConfigu
ration#flashMapManager 
matched:
      - @ConditionalOnM
issingBean (names: 
flashMapManager; 
SearchStrategy: all) 
did not find any beans 
(OnBeanCondition)

   WebMvcAutoConfigurat
ion.EnableWebMvcConfigu
ration#localeResolver 
matched:
      - @ConditionalOnM
issingBean (names: 
localeResolver; 
SearchStrategy: all) 
did not find any beans 
(OnBeanCondition)

   WebMvcAutoConfigurat
ion.EnableWebMvcConfigu
ration#themeResolver 
matched:
      - @ConditionalOnM
issingBean (names: 
themeResolver; 
SearchStrategy: all) 
did not find any beans 
(OnBeanCondition)

   WebMvcAutoConfigurat
ion.EnableWebMvcConfigu
ration#viewNameTranslat
or matched:
      - @ConditionalOnM
issingBean (names: 
viewNameTranslator; 
SearchStrategy: all) 
did not find any beans 
(OnBeanCondition)

   WebMvcAutoConfigurat
ion.WebMvcAutoConfigura
tionAdapter#defaultView
Resolver matched:
      - @ConditionalOnM
issingBean (types: org.
springframework.web.ser
vlet.view.InternalResou
rceViewResolver; 
SearchStrategy: all) 
did not find any beans 
(OnBeanCondition)

   WebMvcAutoConfigurat
ion.WebMvcAutoConfigura
tionAdapter#requestCont
extFilter matched:
      - @ConditionalOnM
issingBean (types: org.
springframework.web.con
text.request.RequestCon
textListener,org.spring
framework.web.filter.Re
questContextFilter; 
SearchStrategy: all) 
did not find any beans 
(OnBeanCondition)

   WebMvcAutoConfigurat
ion.WebMvcAutoConfigura
tionAdapter#viewResolve
r matched:
      - 
@ConditionalOnBean 
(types: org.springframe
work.web.servlet.ViewRe
solver; 
SearchStrategy: all) 
found beans 
'defaultViewResolver', 
'beanNameViewResolver',
 'mvcViewResolver'; @Co
nditionalOnMissingBean 
(names: viewResolver 
types: org.springframew
ork.web.servlet.view.Co
ntentNegotiatingViewRes
olver; SearchStrategy: 
all) did not find any 
beans (OnBeanCondition)


Negative matches:
-----------------

   Cache2kCacheConfigur
ation:
      Did not match:
         - 
@ConditionalOnClass 
did not find required 
class 'org.cache2k.Cach
e2kBuilder' 
(OnClassCondition)

   
CacheAutoConfiguration:
      Did not match:
         - 
@ConditionalOnBean 
(types: org.springframe
work.cache.interceptor.
CacheAspectSupport; 
SearchStrategy: all) 
did not find any beans 
of type org.springframe
work.cache.interceptor.
CacheAspectSupport 
(OnBeanCondition)
      Matched:
         - 
@ConditionalOnClass 
found required class 'o
rg.springframework.cach
e.CacheManager' 
(OnClassCondition)

   CacheAutoConfigurati
on.CacheManagerEntityMa
nagerFactoryDependsOnPo
stProcessor:
      Did not match:
         - 
@ConditionalOnClass 
did not find required 
class 'org.springframew
ork.orm.jpa.LocalContai
nerEntityManagerFactory
Bean' 
(OnClassCondition)
         - Ancestor org
.springframework.boot.a
utoconfigure.cache.Cach
eAutoConfiguration did 
not match (ConditionEva
luationReport.Ancestors
MatchedCondition)

   CaffeineCacheConfigu
ration:
      Did not match:
         - 
@ConditionalOnClass 
did not find required 
class 'com.github.benma
nes.caffeine.cache.Caff
eine' 
(OnClassCondition)

   CouchbaseCacheConfig
uration:
      Did not match:
         - 
@ConditionalOnClass 
did not find required 
class 'com.couchbase.cl
ient.java.Cluster' 
(OnClassCondition)

   ErrorMvcAutoConfigur
ation.DefaultErrorViewR
esolverConfiguration#co
nventionErrorViewResolv
er:
      Did not match:
         - 
@ConditionalOnBean 
(types: org.springframe
work.web.servlet.Dispat
cherServlet; 
SearchStrategy: all) 
did not find any beans 
of type org.springframe
work.web.servlet.Dispat
cherServlet 
(OnBeanCondition)

   FreeMarkerAutoConfig
uration:
      Did not match:
         - 
@ConditionalOnClass 
did not find required 
class 'freemarker.templ
ate.Configuration' 
(OnClassCondition)

   GenericCacheConfigur
ation:
      Did not match:
         - Cache org.sp
ringframework.boot.auto
configure.cache.Generic
CacheConfiguration 
unknown cache type 
(CacheCondition)

   GroovyTemplateAutoCo
nfiguration:
      Did not match:
         - 
@ConditionalOnClass 
did not find required 
class 'groovy.text.mark
up.MarkupTemplateEngine
' (OnClassCondition)

   
GsonAutoConfiguration:
      Did not match:
         - 
@ConditionalOnClass 
did not find required 
class 
'com.google.gson.Gson' 
(OnClassCondition)

   GsonHttpMessageConve
rtersConfiguration:
      Did not match:
         - 
@ConditionalOnClass 
did not find required 
class 
'com.google.gson.Gson' 
(OnClassCondition)

   HazelcastCacheConfig
uration:
      Did not match:
         - 
@ConditionalOnClass 
did not find required 
class 'com.hazelcast.co
re.HazelcastInstance' 
(OnClassCondition)

   HypermediaAutoConfig
uration:
      Did not match:
         - 
@ConditionalOnClass 
did not find required 
class 'org.springframew
ork.hateoas.EntityModel
' (OnClassCondition)

   InfinispanCacheConfi
guration:
      Did not match:
2026-03-19T16:49:44.974+05:30  INFO 22416 --- [makemytrip] [           main] .s.b.a.l.ConditionEvaluationReportLogger : 

Error starting ApplicationContext. To display the condition evaluation report re-run your application with 'debug' enabled.
2026-03-19T16:49:45.020+05:30 ERROR 22416 --- [makemytrip] [           main] o.s.b.d.LoggingFailureAnalysisReporter   : 

***************************
APPLICATION FAILED TO START
***************************

Description:

Parameter 0 of constructor in com.makemytrip.security.JwtAuthenticationFilter required a bean of type 'com.makemytrip.security.JwtService' that could not be found.


Action:

Consider defining a bean of type 'com.makemytrip.security.JwtService' in your configuration.

2026-03-19T16:49:45.028+05:30  WARN 22416 --- [makemytrip] [           main] o.s.test.context.TestContextManager      : Caught exception while allowing TestExecutionListener [org.springframework.boot.test.mock.mockito.MockitoTestExecutionListener] to prepare test instance [com.makemytrip.modules.reviews.ReviewControllerUploadTest@124eb83d]

java.lang.IllegalStateException: Failed to load ApplicationContext for [WebMergedContextConfiguration@7d133fb7 testClass = com.makemytrip.modules.reviews.ReviewControllerUploadTest, locations = [], classes = [com.makemytrip.MakemytripApplication], contextInitializerClasses = [], activeProfiles = [], propertySourceDescriptors = [], propertySourceProperties = ["org.springframework.boot.test.autoconfigure.web.servlet.WebMvcTestContextBootstrapper=true"], contextCustomizers = [[ImportsContextCustomizer@40bd0f8 key = [org.springframework.boot.autoconfigure.task.TaskExecutionAutoConfiguration, org.springframework.boot.autoconfigure.cache.CacheAutoConfiguration, org.springframework.boot.autoconfigure.web.servlet.HttpEncodingAutoConfiguration, org.springframework.boot.autoconfigure.validation.ValidationAutoConfiguration, org.springframework.boot.autoconfigure.context.MessageSourceAutoConfiguration, org.springframework.boot.autoconfigure.hateoas.HypermediaAutoConfiguration, org.springframework.boot.autoconfigure.jackson.JacksonAutoConfiguration, org.springframework.boot.autoconfigure.data.web.SpringDataWebAutoConfiguration, org.springframework.boot.test.autoconfigure.web.reactive.WebTestClientAutoConfiguration, org.springframework.boot.autoconfigure.web.servlet.error.ErrorMvcAutoConfiguration, org.springframework.boot.test.autoconfigure.web.servlet.MockMvcAutoConfiguration, org.springframework.boot.autoconfigure.security.servlet.SecurityAutoConfiguration, org.springframework.boot.autoconfigure.security.servlet.SecurityFilterAutoConfiguration, org.springframework.boot.autoconfigure.http.HttpMessageConvertersAutoConfiguration, org.springframework.boot.autoconfigure.security.oauth2.client.servlet.OAuth2ClientAutoConfiguration, org.springframework.boot.test.autoconfigure.web.servlet.MockMvcSecurityConfiguration, org.springframework.boot.test.autoconfigure.web.servlet.MockMvcWebClientAutoConfiguration, org.springframework.boot.test.autoconfigure.web.servlet.MockMvcWebDriverAutoConfiguration, org.springframework.boot.autoconfigure.thymeleaf.ThymeleafAutoConfiguration, org.springframework.boot.autoconfigure.gson.GsonAutoConfiguration, org.springframework.boot.autoconfigure.jsonb.JsonbAutoConfiguration, org.springframework.boot.autoconfigure.freemarker.FreeMarkerAutoConfiguration, org.springframework.boot.autoconfigure.web.servlet.WebMvcAutoConfiguration, org.springframework.boot.autoconfigure.security.servlet.UserDetailsServiceAutoConfiguration, org.springframework.boot.autoconfigure.security.oauth2.resource.servlet.OAuth2ResourceServerAutoConfiguration, org.springframework.boot.autoconfigure.groovy.template.GroovyTemplateAutoConfiguration, org.springframework.boot.autoconfigure.mustache.MustacheAutoConfiguration]], org.springframework.boot.test.context.filter.ExcludeFilterContextCustomizer@7cb502c, org.springframework.boot.test.json.DuplicateJsonObjectContextCustomizerFactory$DuplicateJsonObjectContextCustomizer@4fbe37eb, org.springframework.boot.test.mock.mockito.MockitoContextCustomizer@47e10356, org.springframework.boot.test.web.reactor.netty.DisableReactorResourceFactoryGlobalResourcesContextCustomizerFactory$DisableReactorResourceFactoryGlobalResourcesContextCustomizerCustomizer@2474f125, org.springframework.boot.test.autoconfigure.OnFailureConditionReportContextCustomizerFactory$OnFailureConditionReportContextCustomizer@5717c37, org.springframework.boot.test.autoconfigure.OverrideAutoConfigurationContextCustomizerFactory$DisableAutoConfigurationContextCustomizer@3c01cfa1, org.springframework.boot.test.autoconfigure.actuate.observability.ObservabilityContextCustomizerFactory$DisableObservabilityContextCustomizer@1f, org.springframework.boot.test.autoconfigure.filter.TypeExcludeFiltersContextCustomizer@c4a28b58, org.springframework.boot.test.autoconfigure.properties.PropertyMappingContextCustomizer@f88083a3, org.springframework.boot.test.autoconfigure.web.servlet.WebDriverContextCustomizer@600b9d27, org.springframework.test.context.support.DynamicPropertiesContextCustomizer@0, org.springframework.boot.test.context.SpringBootTestAnnotation@3fadbe58], resourceBasePath = "src/main/webapp", contextLoader = org.springframework.boot.test.context.SpringBootContextLoader, parent = null]
	at org.springframework.test.context.cache.DefaultCacheAwareContextLoaderDelegate.loadContext(DefaultCacheAwareContextLoaderDelegate.java:180) ~[spring-test-6.2.1.jar:6.2.1]
	at org.springframework.test.context.support.DefaultTestContext.getApplicationContext(DefaultTestContext.java:130) ~[spring-test-6.2.1.jar:6.2.1]
	at org.springframework.boot.test.mock.mockito.MockitoTestExecutionListener.postProcessFields(MockitoTestExecutionListener.java:128) ~[spring-boot-test-3.4.1.jar:3.4.1]
	at org.springframework.boot.test.mock.mockito.MockitoTestExecutionListener.injectFields(MockitoTestExecutionListener.java:112) ~[spring-boot-test-3.4.1.jar:3.4.1]
	at org.springframework.boot.test.mock.mockito.MockitoTestExecutionListener.prepareTestInstance(MockitoTestExecutionListener.java:69) ~[spring-boot-test-3.4.1.jar:3.4.1]
	at org.springframework.test.context.TestContextManager.prepareTestInstance(TestContextManager.java:260) ~[spring-test-6.2.1.jar:6.2.1]
	at org.springframework.test.context.junit.jupiter.SpringExtension.postProcessTestInstance(SpringExtension.java:160) ~[spring-test-6.2.1.jar:6.2.1]
	at org.junit.jupiter.engine.descriptor.ClassBasedTestDescriptor.lambda$invokeTestInstancePostProcessors$11(ClassBasedTestDescriptor.java:378) ~[junit-jupiter-engine-5.11.4.jar:5.11.4]
	at org.junit.jupiter.engine.descriptor.ClassBasedTestDescriptor.executeAndMaskThrowable(ClassBasedTestDescriptor.java:383) ~[junit-jupiter-engine-5.11.4.jar:5.11.4]
	at org.junit.jupiter.engine.descriptor.ClassBasedTestDescriptor.lambda$invokeTestInstancePostProcessors$12(ClassBasedTestDescriptor.java:378) ~[junit-jupiter-engine-5.11.4.jar:5.11.4]
	at java.base/java.util.stream.ForEachOps$ForEachOp$OfRef.accept(ForEachOps.java:183) ~[na:na]
	at java.base/java.util.stream.ReferencePipeline$3$1.accept(ReferencePipeline.java:197) ~[na:na]
	at java.base/java.util.stream.ReferencePipeline$2$1.accept(ReferencePipeline.java:179) ~[na:na]
	at java.base/java.util.stream.ReferencePipeline$3$1.accept(ReferencePipeline.java:197) ~[na:na]
	at java.base/java.util.ArrayList$ArrayListSpliterator.forEachRemaining(ArrayList.java:1625) ~[na:na]
	at java.base/java.util.stream.AbstractPipeline.copyInto(AbstractPipeline.java:509) ~[na:na]
	at java.base/java.util.stream.AbstractPipeline.wrapAndCopyInto(AbstractPipeline.java:499) ~[na:na]
	at java.base/java.util.stream.ForEachOps$ForEachOp.evaluateSequential(ForEachOps.java:150) ~[na:na]
	at java.base/java.util.stream.ForEachOps$ForEachOp$OfRef.evaluateSequential(ForEachOps.java:173) ~[na:na]
	at java.base/java.util.stream.AbstractPipeline.evaluate(AbstractPipeline.java:234) ~[na:na]
	at java.base/java.util.stream.ReferencePipeline.forEach(ReferencePipeline.java:596) ~[na:na]
	at org.junit.jupiter.engine.descriptor.ClassBasedTestDescriptor.invokeTestInstancePostProcessors(ClassBasedTestDescriptor.java:377) ~[junit-jupiter-engine-5.11.4.jar:5.11.4]
	at org.junit.jupiter.engine.descriptor.ClassBasedTestDescriptor.lambda$instantiateAndPostProcessTestInstance$7(ClassBasedTestDescriptor.java:290) ~[junit-jupiter-engine-5.11.4.jar:5.11.4]
	at org.junit.platform.engine.support.hierarchical.ThrowableCollector.execute(ThrowableCollector.java:73) ~[junit-platform-engine-1.11.4.jar:1.11.4]
	at org.junit.jupiter.engine.descriptor.ClassBasedTestDescriptor.instantiateAndPostProcessTestInstance(ClassBasedTestDescriptor.java:289) ~[junit-jupiter-engine-5.11.4.jar:5.11.4]
	at org.junit.jupiter.engine.descriptor.ClassBasedTestDescriptor.lambda$testInstancesProvider$5(ClassBasedTestDescriptor.java:279) ~[junit-jupiter-engine-5.11.4.jar:5.11.4]
	at java.base/java.util.Optional.orElseGet(Optional.java:364) ~[na:na]
	at org.junit.jupiter.engine.descriptor.ClassBasedTestDescriptor.lambda$testInstancesProvider$6(ClassBasedTestDescriptor.java:278) ~[junit-jupiter-engine-5.11.4.jar:5.11.4]
	at org.junit.jupiter.engine.execution.TestInstancesProvider.getTestInstances(TestInstancesProvider.java:31) ~[junit-jupiter-engine-5.11.4.jar:5.11.4]
	at org.junit.jupiter.engine.descriptor.TestMethodTestDescriptor.lambda$prepare$1(TestMethodTestDescriptor.java:105) ~[junit-jupiter-engine-5.11.4.jar:5.11.4]
	at org.junit.platform.engine.support.hierarchical.ThrowableCollector.execute(ThrowableCollector.java:73) ~[junit-platform-engine-1.11.4.jar:1.11.4]
	at org.junit.jupiter.engine.descriptor.TestMethodTestDescriptor.prepare(TestMethodTestDescriptor.java:104) ~[junit-jupiter-engine-5.11.4.jar:5.11.4]
	at org.junit.jupiter.engine.descriptor.TestMethodTestDescriptor.prepare(TestMethodTestDescriptor.java:68) ~[junit-jupiter-engine-5.11.4.jar:5.11.4]
	at org.junit.platform.engine.support.hierarchical.NodeTestTask.lambda$prepare$2(NodeTestTask.java:128) ~[junit-platform-engine-1.11.4.jar:1.11.4]
	at org.junit.platform.engine.support.hierarchical.ThrowableCollector.execute(ThrowableCollector.java:73) ~[junit-platform-engine-1.11.4.jar:1.11.4]
	at org.junit.platform.engine.support.hierarchical.NodeTestTask.prepare(NodeTestTask.java:128) ~[junit-platform-engine-1.11.4.jar:1.11.4]
	at org.junit.platform.engine.support.hierarchical.NodeTestTask.execute(NodeTestTask.java:95) ~[junit-platform-engine-1.11.4.jar:1.11.4]
	at java.base/java.util.ArrayList.forEach(ArrayList.java:1511) ~[na:na]
	at org.junit.platform.engine.support.hierarchical.SameThreadHierarchicalTestExecutorService.invokeAll(SameThreadHierarchicalTestExecutorService.java:41) ~[junit-platform-engine-1.11.4.jar:1.11.4]
	at org.junit.platform.engine.support.hierarchical.NodeTestTask.lambda$executeRecursively$6(NodeTestTask.java:160) ~[junit-platform-engine-1.11.4.jar:1.11.4]
	at org.junit.platform.engine.support.hierarchical.ThrowableCollector.execute(ThrowableCollector.java:73) ~[junit-platform-engine-1.11.4.jar:1.11.4]
	at org.junit.platform.engine.support.hierarchical.NodeTestTask.lambda$executeRecursively$8(NodeTestTask.java:146) ~[junit-platform-engine-1.11.4.jar:1.11.4]
	at org.junit.platform.engine.support.hierarchical.Node.around(Node.java:137) ~[junit-platform-engine-1.11.4.jar:1.11.4]
	at org.junit.platform.engine.support.hierarchical.NodeTestTask.lambda$executeRecursively$9(NodeTestTask.java:144) ~[junit-platform-engine-1.11.4.jar:1.11.4]
	at org.junit.platform.engine.support.hierarchical.ThrowableCollector.execute(ThrowableCollector.java:73) ~[junit-platform-engine-1.11.4.jar:1.11.4]
	at org.junit.platform.engine.support.hierarchical.NodeTestTask.executeRecursively(NodeTestTask.java:143) ~[junit-platform-engine-1.11.4.jar:1.11.4]
	at org.junit.platform.engine.support.hierarchical.NodeTestTask.execute(NodeTestTask.java:100) ~[junit-platform-engine-1.11.4.jar:1.11.4]
	at java.base/java.util.ArrayList.forEach(ArrayList.java:1511) ~[na:na]
	at org.junit.platform.engine.support.hierarchical.SameThreadHierarchicalTestExecutorService.invokeAll(SameThreadHierarchicalTestExecutorService.java:41) ~[junit-platform-engine-1.11.4.jar:1.11.4]
	at org.junit.platform.engine.support.hierarchical.NodeTestTask.lambda$executeRecursively$6(NodeTestTask.java:160) ~[junit-platform-engine-1.11.4.jar:1.11.4]
	at org.junit.platform.engine.support.hierarchical.ThrowableCollector.execute(ThrowableCollector.java:73) ~[junit-platform-engine-1.11.4.jar:1.11.4]
	at org.junit.platform.engine.support.hierarchical.NodeTestTask.lambda$executeRecursively$8(NodeTestTask.java:146) ~[junit-platform-engine-1.11.4.jar:1.11.4]
	at org.junit.platform.engine.support.hierarchical.Node.around(Node.java:137) ~[junit-platform-engine-1.11.4.jar:1.11.4]
	at org.junit.platform.engine.support.hierarchical.NodeTestTask.lambda$executeRecursively$9(NodeTestTask.java:144) ~[junit-platform-engine-1.11.4.jar:1.11.4]
	at org.junit.platform.engine.support.hierarchical.ThrowableCollector.execute(ThrowableCollector.java:73) ~[junit-platform-engine-1.11.4.jar:1.11.4]
	at org.junit.platform.engine.support.hierarchical.NodeTestTask.executeRecursively(NodeTestTask.java:143) ~[junit-platform-engine-1.11.4.jar:1.11.4]
	at org.junit.platform.engine.support.hierarchical.NodeTestTask.execute(NodeTestTask.java:100) ~[junit-platform-engine-1.11.4.jar:1.11.4]
	at org.junit.platform.engine.support.hierarchical.SameThreadHierarchicalTestExecutorService.submit(SameThreadHierarchicalTestExecutorService.java:35) ~[junit-platform-engine-1.11.4.jar:1.11.4]
	at org.junit.platform.engine.support.hierarchical.HierarchicalTestExecutor.execute(HierarchicalTestExecutor.java:57) ~[junit-platform-engine-1.11.4.jar:1.11.4]
	at org.junit.platform.engine.support.hierarchical.HierarchicalTestEngine.execute(HierarchicalTestEngine.java:54) ~[junit-platform-engine-1.11.4.jar:1.11.4]
	at org.junit.platform.launcher.core.EngineExecutionOrchestrator.execute(EngineExecutionOrchestrator.java:198) ~[junit-platform-launcher-1.11.4.jar:1.11.4]
	at org.junit.platform.launcher.core.EngineExecutionOrchestrator.execute(EngineExecutionOrchestrator.java:169) ~[junit-platform-launcher-1.11.4.jar:1.11.4]
	at org.junit.platform.launcher.core.EngineExecutionOrchestrator.execute(EngineExecutionOrchestrator.java:93) ~[junit-platform-launcher-1.11.4.jar:1.11.4]
	at org.junit.platform.launcher.core.EngineExecutionOrchestrator.lambda$execute$0(EngineExecutionOrchestrator.java:58) ~[junit-platform-launcher-1.11.4.jar:1.11.4]
	at org.junit.platform.launcher.core.EngineExecutionOrchestrator.withInterceptedStreams(EngineExecutionOrchestrator.java:141) ~[junit-platform-launcher-1.11.4.jar:1.11.4]
	at org.junit.platform.launcher.core.EngineExecutionOrchestrator.execute(EngineExecutionOrchestrator.java:57) ~[junit-platform-launcher-1.11.4.jar:1.11.4]
	at org.junit.platform.launcher.core.DefaultLauncher.execute(DefaultLauncher.java:103) ~[junit-platform-launcher-1.11.4.jar:1.11.4]
	at org.junit.platform.launcher.core.DefaultLauncher.execute(DefaultLauncher.java:85) ~[junit-platform-launcher-1.11.4.jar:1.11.4]
	at org.junit.platform.launcher.core.DelegatingLauncher.execute(DelegatingLauncher.java:47) ~[junit-platform-launcher-1.11.4.jar:1.11.4]
	at org.apache.maven.surefire.junitplatform.LazyLauncher.execute(LazyLauncher.java:56) ~[surefire-junit-platform-3.5.2.jar:3.5.2]
	at org.apache.maven.surefire.junitplatform.JUnitPlatformProvider.execute(JUnitPlatformProvider.java:184) ~[surefire-junit-platform-3.5.2.jar:3.5.2]
	at org.apache.maven.surefire.junitplatform.JUnitPlatformProvider.invokeAllTests(JUnitPlatformProvider.java:148) ~[surefire-junit-platform-3.5.2.jar:3.5.2]
	at org.apache.maven.surefire.junitplatform.JUnitPlatformProvider.invoke(JUnitPlatformProvider.java:122) ~[surefire-junit-platform-3.5.2.jar:3.5.2]
	at org.apache.maven.surefire.booter.ForkedBooter.runSuitesInProcess(ForkedBooter.java:385) ~[surefire-booter-3.5.2.jar:3.5.2]
	at org.apache.maven.surefire.booter.ForkedBooter.execute(ForkedBooter.java:162) ~[surefire-booter-3.5.2.jar:3.5.2]
	at org.apache.maven.surefire.booter.ForkedBooter.run(ForkedBooter.java:507) ~[surefire-booter-3.5.2.jar:3.5.2]
	at org.apache.maven.surefire.booter.ForkedBooter.main(ForkedBooter.java:495) ~[surefire-booter-3.5.2.jar:3.5.2]
Caused by: org.springframework.beans.factory.UnsatisfiedDependencyException: Error creating bean with name 'jwtAuthenticationFilter' defined in file [E:\ProJect\make-my-trip-clone-springboot-main\make-my-trip-clone-springboot-main\target\classes\com\makemytrip\security\JwtAuthenticationFilter.class]: Unsatisfied dependency expressed through constructor parameter 0: No qualifying bean of type 'com.makemytrip.security.JwtService' available: expected at least 1 bean which qualifies as autowire candidate. Dependency annotations: {}
	at org.springframework.beans.factory.support.ConstructorResolver.createArgumentArray(ConstructorResolver.java:804) ~[spring-beans-6.2.1.jar:6.2.1]
	at org.springframework.beans.factory.support.ConstructorResolver.autowireConstructor(ConstructorResolver.java:240) ~[spring-beans-6.2.1.jar:6.2.1]
	at org.springframework.beans.factory.support.AbstractAutowireCapableBeanFactory.autowireConstructor(AbstractAutowireCapableBeanFactory.java:1377) ~[spring-beans-6.2.1.jar:6.2.1]
	at org.springframework.beans.factory.support.AbstractAutowireCapableBeanFactory.createBeanInstance(AbstractAutowireCapableBeanFactory.java:1214) ~[spring-beans-6.2.1.jar:6.2.1]
	at org.springframework.beans.factory.support.AbstractAutowireCapableBeanFactory.doCreateBean(AbstractAutowireCapableBeanFactory.java:563) ~[spring-beans-6.2.1.jar:6.2.1]
	at org.springframework.beans.factory.support.AbstractAutowireCapableBeanFactory.createBean(AbstractAutowireCapableBeanFactory.java:523) ~[spring-beans-6.2.1.jar:6.2.1]
	at org.springframework.beans.factory.support.AbstractBeanFactory.lambda$doGetBean$0(AbstractBeanFactory.java:336) ~[spring-beans-6.2.1.jar:6.2.1]
         - 
@ConditionalOnClass 
did not find required 
class 'org.infinispan.s
pring.embedded.provider
.SpringEmbeddedCacheMan
ager' 
(OnClassCondition)

   JCacheCacheConfigura
tion:
      Did not match:
         - 
@ConditionalOnClass 
did not find required 
class 
'javax.cache.Caching' 
(OnClassCondition)

   JacksonHttpMessageCo
nvertersConfiguration.M
appingJackson2XmlHttpMe
ssageConverterConfigura
tion:
      Did not match:
         - 
@ConditionalOnClass 
did not find required 
class 'com.fasterxml.ja
ckson.dataformat.xml.Xm
lMapper' 
(OnClassCondition)

   
JsonbAutoConfiguration:
      Did not match:
         - 
@ConditionalOnClass 
did not find required 
class 'jakarta.json.bin
d.Jsonb' 
(OnClassCondition)

   JsonbHttpMessageConv
ertersConfiguration:
      Did not match:
         - 
@ConditionalOnClass 
did not find required 
class 'jakarta.json.bin
d.Jsonb' 
(OnClassCondition)

   MessageSourceAutoCon
figuration:
      Did not match:
         - 
ResourceBundle did not 
find bundle with 
basename messages (Mess
ageSourceAutoConfigurat
ion.ResourceBundleCondi
tion)

   MockMvcAutoConfigura
tion.WebTestClientMockM
vcConfiguration:
      Did not match:
         - 
@ConditionalOnClass 
did not find required 
class 'org.springframew
ork.web.reactive.functi
on.client.WebClient' 
(OnClassCondition)

   MockMvcSecurityConfi
guration#securityMockMv
cBuilderCustomizer:
      Did not match:
         - 
@ConditionalOnBean 
(names: springSecurityF
ilterChain; 
SearchStrategy: all) 
did not find any beans 
named springSecurityFil
terChain 
(OnBeanCondition)

   MockMvcWebClientAuto
Configuration:
      Did not match:
         - 
@ConditionalOnClass 
did not find required 
class 'org.htmlunit.Web
Client' 
(OnClassCondition)

   MockMvcWebDriverAuto
Configuration:
      Did not match:
         - 
@ConditionalOnClass 
did not find required 
class 'org.openqa.selen
ium.htmlunit.HtmlUnitDr
iver' 
(OnClassCondition)

   MustacheAutoConfigur
ation:
      Did not match:
         - 
@ConditionalOnClass 
did not find required 
class 'com.samskivert.m
ustache.Mustache' 
(OnClassCondition)

   OAuth2ClientAutoConf
iguration:
      Did not match:
         - 
@ConditionalOnClass 
did not find required 
class 'org.springframew
ork.security.oauth2.cli
ent.registration.Client
Registration' 
(OnClassCondition)

   OAuth2ResourceServer
AutoConfiguration:
      Did not match:
         - 
@ConditionalOnClass 
did not find required 
class 'org.springframew
ork.security.oauth2.ser
ver.resource.authentica
tion.BearerTokenAuthent
icationToken' 
(OnClassCondition)

   RedisCacheConfigurat
ion:
      Did not match:
         - 
@ConditionalOnClass 
did not find required 
class 'org.springframew
ork.data.redis.connecti
on.RedisConnectionFacto
ry' (OnClassCondition)

   SecurityFilterAutoCo
nfiguration#securityFil
terChainRegistration:
      Did not match:
         - 
@ConditionalOnBean 
(names: springSecurityF
ilterChain; 
SearchStrategy: all) 
did not find any beans 
named springSecurityFil
terChain 
(OnBeanCondition)

   SimpleCacheConfigura
tion:
      Did not match:
         - Cache org.sp
ringframework.boot.auto
configure.cache.SimpleC
acheConfiguration 
unknown cache type 
(CacheCondition)

   TaskExecutorConfigur
ations.SimpleAsyncTaskE
xecutorBuilderConfigura
tion#simpleAsyncTaskExe
cutorBuilderVirtualThre
ads:
      Did not match:
         - @Conditional
OnMissingBean (types: o
rg.springframework.boot
.task.SimpleAsyncTaskEx
ecutorBuilder; 
SearchStrategy: all) 
found beans of type 'or
g.springframework.boot.
task.SimpleAsyncTaskExe
cutorBuilder' simpleAsy
ncTaskExecutorBuilder 
(OnBeanCondition)

   TaskExecutorConfigur
ations.TaskExecutorConf
iguration#applicationTa
skExecutorVirtualThread
s:
      Did not match:
         - @Conditional
OnThreading did not 
find VIRTUAL 
(OnThreadingCondition)

   ThymeleafAutoConfigu
ration:
      Did not match:
         - 
@ConditionalOnClass 
did not find required 
class 'org.thymeleaf.sp
ring6.SpringTemplateEng
ine' (OnClassCondition)

   UserDetailsServiceAu
toConfiguration:
      Did not match:
         - 
@ConditionalOnBean 
(types: org.springframe
work.security.config.Ob
jectPostProcessor; 
SearchStrategy: all) 
did not find any beans 
of type org.springframe
work.security.config.Ob
jectPostProcessor 
(OnBeanCondition)
      Matched:
         - 
@ConditionalOnClass 
found required class 'o
rg.springframework.secu
rity.authentication.Aut
henticationManager' 
(OnClassCondition)
         - found 
'session' scope (OnWebA
pplicationCondition)
         - 
AnyNestedCondition 1 
matched 2 did not; 
NestedCondition on User
DetailsServiceAutoConfi
guration.MissingAlterna
tiveOrUserPropertiesCon
figured.PasswordConfigu
red 
@ConditionalOnProperty 
(spring.security.user.p
assword) did not find 
property 'password'; 
NestedCondition on User
DetailsServiceAutoConfi
guration.MissingAlterna
tiveOrUserPropertiesCon
figured.NameConfigured 
@ConditionalOnProperty 
(spring.security.user.n
ame) did not find 
property 'name'; 
NestedCondition on User
DetailsServiceAutoConfi
guration.MissingAlterna
tiveOrUserPropertiesCon
figured.MissingAlternat
ive @ConditionalOnMissi
ngClass did not find 
unwanted classes 'org.s
pringframework.security
.oauth2.client.registra
tion.ClientRegistration
Repository', 'org.sprin
gframework.security.oau
th2.server.resource.int
rospection.OpaqueTokenI
ntrospector', 'org.spri
ngframework.security.sa
ml2.provider.service.re
gistration.RelyingParty
RegistrationRepository'
 (UserDetailsServiceAut
oConfiguration.MissingA
lternativeOrUserPropert
iesConfigured)

   WebMvcAutoConfigurat
ion#hiddenHttpMethodFil
ter:
      Did not match:
         - 
@ConditionalOnProperty 
(spring.mvc.hiddenmetho
d.filter.enabled) did 
not find property 
'enabled' 
(OnPropertyCondition)

   WebMvcAutoConfigurat
ion.ProblemDetailsError
HandlingConfiguration:
      Did not match:
         - 
@ConditionalOnProperty 
(spring.mvc.problemdeta
ils.enabled=true) did 
not find property 
'enabled' 
(OnPropertyCondition)

   WebMvcAutoConfigurat
ion.ResourceChainCustom
izerConfiguration:
      Did not match:
         - @Conditional
OnEnabledResourceChain 
did not find class org.
webjars.WebJarVersionLo
cator (OnEnabledResourc
eChainCondition)

   WebMvcAutoConfigurat
ion.WebMvcAutoConfigura
tionAdapter#beanNameVie
wResolver:
      Did not match:
         - @Conditional
OnMissingBean (types: o
rg.springframework.web.
servlet.view.BeanNameVi
ewResolver; 
SearchStrategy: all) 
found beans of type 'or
g.springframework.web.s
ervlet.view.BeanNameVie
wResolver' 
beanNameViewResolver 
(OnBeanCondition)

   WebTestClientAutoCon
figuration:
      Did not match:
         - 
@ConditionalOnClass 
did not find required 
class 'org.springframew
ork.web.reactive.functi
on.client.WebClient' 
(OnClassCondition)


Exclusions:
-----------

    org.springframework
.boot.autoconfigure.sec
urity.servlet.SecurityA
utoConfiguration


Unconditional classes:
----------------------

    None



	at org.springframework.beans.factory.support.DefaultSingletonBeanRegistry.getSingleton(DefaultSingletonBeanRegistry.java:289) ~[spring-beans-6.2.1.jar:6.2.1]
	at org.springframework.beans.factory.support.AbstractBeanFactory.doGetBean(AbstractBeanFactory.java:334) ~[spring-beans-6.2.1.jar:6.2.1]
	at org.springframework.beans.factory.support.AbstractBeanFactory.getBean(AbstractBeanFactory.java:199) ~[spring-beans-6.2.1.jar:6.2.1]
	at org.springframework.beans.factory.support.DefaultListableBeanFactory.instantiateSingleton(DefaultListableBeanFactory.java:1122) ~[spring-beans-6.2.1.jar:6.2.1]
	at org.springframework.beans.factory.support.DefaultListableBeanFactory.preInstantiateSingleton(DefaultListableBeanFactory.java:1093) ~[spring-beans-6.2.1.jar:6.2.1]
	at org.springframework.beans.factory.support.DefaultListableBeanFactory.preInstantiateSingletons(DefaultListableBeanFactory.java:1030) ~[spring-beans-6.2.1.jar:6.2.1]
	at org.springframework.context.support.AbstractApplicationContext.finishBeanFactoryInitialization(AbstractApplicationContext.java:987) ~[spring-context-6.2.1.jar:6.2.1]
	at org.springframework.context.support.AbstractApplicationContext.refresh(AbstractApplicationContext.java:627) ~[spring-context-6.2.1.jar:6.2.1]
	at org.springframework.boot.SpringApplication.refresh(SpringApplication.java:752) ~[spring-boot-3.4.1.jar:3.4.1]
	at org.springframework.boot.SpringApplication.refreshContext(SpringApplication.java:439) ~[spring-boot-3.4.1.jar:3.4.1]
	at org.springframework.boot.SpringApplication.run(SpringApplication.java:318) ~[spring-boot-3.4.1.jar:3.4.1]
	at org.springframework.boot.test.context.SpringBootContextLoader.lambda$loadContext$3(SpringBootContextLoader.java:137) ~[spring-boot-test-3.4.1.jar:3.4.1]
	at org.springframework.util.function.ThrowingSupplier.get(ThrowingSupplier.java:58) ~[spring-core-6.2.1.jar:6.2.1]
	at org.springframework.util.function.ThrowingSupplier.get(ThrowingSupplier.java:46) ~[spring-core-6.2.1.jar:6.2.1]
	at org.springframework.boot.SpringApplication.withHook(SpringApplication.java:1461) ~[spring-boot-3.4.1.jar:3.4.1]
	at org.springframework.boot.test.context.SpringBootContextLoader$ContextLoaderHook.run(SpringBootContextLoader.java:553) ~[spring-boot-test-3.4.1.jar:3.4.1]
	at org.springframework.boot.test.context.SpringBootContextLoader.loadContext(SpringBootContextLoader.java:137) ~[spring-boot-test-3.4.1.jar:3.4.1]
	at org.springframework.boot.test.context.SpringBootContextLoader.loadContext(SpringBootContextLoader.java:108) ~[spring-boot-test-3.4.1.jar:3.4.1]
	at org.springframework.test.context.cache.DefaultCacheAwareContextLoaderDelegate.loadContextInternal(DefaultCacheAwareContextLoaderDelegate.java:225) ~[spring-test-6.2.1.jar:6.2.1]
	at org.springframework.test.context.cache.DefaultCacheAwareContextLoaderDelegate.loadContext(DefaultCacheAwareContextLoaderDelegate.java:152) ~[spring-test-6.2.1.jar:6.2.1]
	... 76 common frames omitted
Caused by: org.springframework.beans.factory.NoSuchBeanDefinitionException: No qualifying bean of type 'com.makemytrip.security.JwtService' available: expected at least 1 bean which qualifies as autowire candidate. Dependency annotations: {}
	at org.springframework.beans.factory.support.DefaultListableBeanFactory.raiseNoMatchingBeanFound(DefaultListableBeanFactory.java:2144) ~[spring-beans-6.2.1.jar:6.2.1]
	at org.springframework.beans.factory.support.DefaultListableBeanFactory.doResolveDependency(DefaultListableBeanFactory.java:1594) ~[spring-beans-6.2.1.jar:6.2.1]
	at org.springframework.beans.factory.support.DefaultListableBeanFactory.resolveDependency(DefaultListableBeanFactory.java:1519) ~[spring-beans-6.2.1.jar:6.2.1]
	at org.springframework.beans.factory.support.ConstructorResolver.resolveAutowiredArgument(ConstructorResolver.java:913) ~[spring-beans-6.2.1.jar:6.2.1]
	at org.springframework.beans.factory.support.ConstructorResolver.createArgumentArray(ConstructorResolver.java:791) ~[spring-beans-6.2.1.jar:6.2.1]
	... 102 common frames omitted

2026-03-19T16:49:45.112+05:30  WARN 22416 --- [makemytrip] [           main] o.s.test.context.TestContextManager      : Caught exception while allowing TestExecutionListener [org.springframework.boot.test.mock.mockito.MockitoTestExecutionListener] to prepare test instance [com.makemytrip.modules.reviews.ReviewControllerUploadTest@7dbae40]

java.lang.IllegalStateException: ApplicationContext failure threshold (1) exceeded: skipping repeated attempt to load context for [WebMergedContextConfiguration@7d133fb7 testClass = com.makemytrip.modules.reviews.ReviewControllerUploadTest, locations = [], classes = [com.makemytrip.MakemytripApplication], contextInitializerClasses = [], activeProfiles = [], propertySourceDescriptors = [], propertySourceProperties = ["org.springframework.boot.test.autoconfigure.web.servlet.WebMvcTestContextBootstrapper=true"], contextCustomizers = [[ImportsContextCustomizer@40bd0f8 key = [org.springframework.boot.autoconfigure.task.TaskExecutionAutoConfiguration, org.springframework.boot.autoconfigure.cache.CacheAutoConfiguration, org.springframework.boot.autoconfigure.web.servlet.HttpEncodingAutoConfiguration, org.springframework.boot.autoconfigure.validation.ValidationAutoConfiguration, org.springframework.boot.autoconfigure.context.MessageSourceAutoConfiguration, org.springframework.boot.autoconfigure.hateoas.HypermediaAutoConfiguration, org.springframework.boot.autoconfigure.jackson.JacksonAutoConfiguration, org.springframework.boot.autoconfigure.data.web.SpringDataWebAutoConfiguration, org.springframework.boot.test.autoconfigure.web.reactive.WebTestClientAutoConfiguration, org.springframework.boot.autoconfigure.web.servlet.error.ErrorMvcAutoConfiguration, org.springframework.boot.test.autoconfigure.web.servlet.MockMvcAutoConfiguration, org.springframework.boot.autoconfigure.security.servlet.SecurityAutoConfiguration, org.springframework.boot.autoconfigure.security.servlet.SecurityFilterAutoConfiguration, org.springframework.boot.autoconfigure.http.HttpMessageConvertersAutoConfiguration, org.springframework.boot.autoconfigure.security.oauth2.client.servlet.OAuth2ClientAutoConfiguration, org.springframework.boot.test.autoconfigure.web.servlet.MockMvcSecurityConfiguration, org.springframework.boot.test.autoconfigure.web.servlet.MockMvcWebClientAutoConfiguration, org.springframework.boot.test.autoconfigure.web.servlet.MockMvcWebDriverAutoConfiguration, org.springframework.boot.autoconfigure.thymeleaf.ThymeleafAutoConfiguration, org.springframework.boot.autoconfigure.gson.GsonAutoConfiguration, org.springframework.boot.autoconfigure.jsonb.JsonbAutoConfiguration, org.springframework.boot.autoconfigure.freemarker.FreeMarkerAutoConfiguration, org.springframework.boot.autoconfigure.web.servlet.WebMvcAutoConfiguration, org.springframework.boot.autoconfigure.security.servlet.UserDetailsServiceAutoConfiguration, org.springframework.boot.autoconfigure.security.oauth2.resource.servlet.OAuth2ResourceServerAutoConfiguration, org.springframework.boot.autoconfigure.groovy.template.GroovyTemplateAutoConfiguration, org.springframework.boot.autoconfigure.mustache.MustacheAutoConfiguration]], org.springframework.boot.test.context.filter.ExcludeFilterContextCustomizer@7cb502c, org.springframework.boot.test.json.DuplicateJsonObjectContextCustomizerFactory$DuplicateJsonObjectContextCustomizer@4fbe37eb, org.springframework.boot.test.mock.mockito.MockitoContextCustomizer@47e10356, org.springframework.boot.test.web.reactor.netty.DisableReactorResourceFactoryGlobalResourcesContextCustomizerFactory$DisableReactorResourceFactoryGlobalResourcesContextCustomizerCustomizer@2474f125, org.springframework.boot.test.autoconfigure.OnFailureConditionReportContextCustomizerFactory$OnFailureConditionReportContextCustomizer@5717c37, org.springframework.boot.test.autoconfigure.OverrideAutoConfigurationContextCustomizerFactory$DisableAutoConfigurationContextCustomizer@3c01cfa1, org.springframework.boot.test.autoconfigure.actuate.observability.ObservabilityContextCustomizerFactory$DisableObservabilityContextCustomizer@1f, org.springframework.boot.test.autoconfigure.filter.TypeExcludeFiltersContextCustomizer@c4a28b58, org.springframework.boot.test.autoconfigure.properties.PropertyMappingContextCustomizer@f88083a3, org.springframework.boot.test.autoconfigure.web.servlet.WebDriverContextCustomizer@600b9d27, org.springframework.test.context.support.DynamicPropertiesContextCustomizer@0, org.springframework.boot.test.context.SpringBootTestAnnotation@3fadbe58], resourceBasePath = "src/main/webapp", contextLoader = org.springframework.boot.test.context.SpringBootContextLoader, parent = null]
	at org.springframework.test.context.cache.DefaultCacheAwareContextLoaderDelegate.loadContext(DefaultCacheAwareContextLoaderDelegate.java:145) ~[spring-test-6.2.1.jar:6.2.1]
	at org.springframework.test.context.support.DefaultTestContext.getApplicationContext(DefaultTestContext.java:130) ~[spring-test-6.2.1.jar:6.2.1]
	at org.springframework.boot.test.mock.mockito.MockitoTestExecutionListener.postProcessFields(MockitoTestExecutionListener.java:128) ~[spring-boot-test-3.4.1.jar:3.4.1]
	at org.springframework.boot.test.mock.mockito.MockitoTestExecutionListener.injectFields(MockitoTestExecutionListener.java:112) ~[spring-boot-test-3.4.1.jar:3.4.1]
	at org.springframework.boot.test.mock.mockito.MockitoTestExecutionListener.prepareTestInstance(MockitoTestExecutionListener.java:69) ~[spring-boot-test-3.4.1.jar:3.4.1]
	at org.springframework.test.context.TestContextManager.prepareTestInstance(TestContextManager.java:260) ~[spring-test-6.2.1.jar:6.2.1]
	at org.springframework.test.context.junit.jupiter.SpringExtension.postProcessTestInstance(SpringExtension.java:160) ~[spring-test-6.2.1.jar:6.2.1]
	at org.junit.jupiter.engine.descriptor.ClassBasedTestDescriptor.lambda$invokeTestInstancePostProcessors$11(ClassBasedTestDescriptor.java:378) ~[junit-jupiter-engine-5.11.4.jar:5.11.4]
	at org.junit.jupiter.engine.descriptor.ClassBasedTestDescriptor.executeAndMaskThrowable(ClassBasedTestDescriptor.java:383) ~[junit-jupiter-engine-5.11.4.jar:5.11.4]
	at org.junit.jupiter.engine.descriptor.ClassBasedTestDescriptor.lambda$invokeTestInstancePostProcessors$12(ClassBasedTestDescriptor.java:378) ~[junit-jupiter-engine-5.11.4.jar:5.11.4]
	at java.base/java.util.stream.ForEachOps$ForEachOp$OfRef.accept(ForEachOps.java:183) ~[na:na]
	at java.base/java.util.stream.ReferencePipeline$3$1.accept(ReferencePipeline.java:197) ~[na:na]
	at java.base/java.util.stream.ReferencePipeline$2$1.accept(ReferencePipeline.java:179) ~[na:na]
	at java.base/java.util.stream.ReferencePipeline$3$1.accept(ReferencePipeline.java:197) ~[na:na]
	at java.base/java.util.ArrayList$ArrayListSpliterator.forEachRemaining(ArrayList.java:1625) ~[na:na]
	at java.base/java.util.stream.AbstractPipeline.copyInto(AbstractPipeline.java:509) ~[na:na]
	at java.base/java.util.stream.AbstractPipeline.wrapAndCopyInto(AbstractPipeline.java:499) ~[na:na]
	at java.base/java.util.stream.ForEachOps$ForEachOp.evaluateSequential(ForEachOps.java:150) ~[na:na]
	at java.base/java.util.stream.ForEachOps$ForEachOp$OfRef.evaluateSequential(ForEachOps.java:173) ~[na:na]
	at java.base/java.util.stream.AbstractPipeline.evaluate(AbstractPipeline.java:234) ~[na:na]
	at java.base/java.util.stream.ReferencePipeline.forEach(ReferencePipeline.java:596) ~[na:na]
	at org.junit.jupiter.engine.descriptor.ClassBasedTestDescriptor.invokeTestInstancePostProcessors(ClassBasedTestDescriptor.java:377) ~[junit-jupiter-engine-5.11.4.jar:5.11.4]
	at org.junit.jupiter.engine.descriptor.ClassBasedTestDescriptor.lambda$instantiateAndPostProcessTestInstance$7(ClassBasedTestDescriptor.java:290) ~[junit-jupiter-engine-5.11.4.jar:5.11.4]
	at org.junit.platform.engine.support.hierarchical.ThrowableCollector.execute(ThrowableCollector.java:73) ~[junit-platform-engine-1.11.4.jar:1.11.4]
	at org.junit.jupiter.engine.descriptor.ClassBasedTestDescriptor.instantiateAndPostProcessTestInstance(ClassBasedTestDescriptor.java:289) ~[junit-jupiter-engine-5.11.4.jar:5.11.4]
	at org.junit.jupiter.engine.descriptor.ClassBasedTestDescriptor.lambda$testInstancesProvider$5(ClassBasedTestDescriptor.java:279) ~[junit-jupiter-engine-5.11.4.jar:5.11.4]
	at java.base/java.util.Optional.orElseGet(Optional.java:364) ~[na:na]
	at org.junit.jupiter.engine.descriptor.ClassBasedTestDescriptor.lambda$testInstancesProvider$6(ClassBasedTestDescriptor.java:278) ~[junit-jupiter-engine-5.11.4.jar:5.11.4]
	at org.junit.jupiter.engine.execution.TestInstancesProvider.getTestInstances(TestInstancesProvider.java:31) ~[junit-jupiter-engine-5.11.4.jar:5.11.4]
	at org.junit.jupiter.engine.descriptor.TestMethodTestDescriptor.lambda$prepare$1(TestMethodTestDescriptor.java:105) ~[junit-jupiter-engine-5.11.4.jar:5.11.4]
	at org.junit.platform.engine.support.hierarchical.ThrowableCollector.execute(ThrowableCollector.java:73) ~[junit-platform-engine-1.11.4.jar:1.11.4]
	at org.junit.jupiter.engine.descriptor.TestMethodTestDescriptor.prepare(TestMethodTestDescriptor.java:104) ~[junit-jupiter-engine-5.11.4.jar:5.11.4]
	at org.junit.jupiter.engine.descriptor.TestMethodTestDescriptor.prepare(TestMethodTestDescriptor.java:68) ~[junit-jupiter-engine-5.11.4.jar:5.11.4]
	at org.junit.platform.engine.support.hierarchical.NodeTestTask.lambda$prepare$2(NodeTestTask.java:128) ~[junit-platform-engine-1.11.4.jar:1.11.4]
	at org.junit.platform.engine.support.hierarchical.ThrowableCollector.execute(ThrowableCollector.java:73) ~[junit-platform-engine-1.11.4.jar:1.11.4]
	at org.junit.platform.engine.support.hierarchical.NodeTestTask.prepare(NodeTestTask.java:128) ~[junit-platform-engine-1.11.4.jar:1.11.4]
	at org.junit.platform.engine.support.hierarchical.NodeTestTask.execute(NodeTestTask.java:95) ~[junit-platform-engine-1.11.4.jar:1.11.4]
	at java.base/java.util.ArrayList.forEach(ArrayList.java:1511) ~[na:na]
	at org.junit.platform.engine.support.hierarchical.SameThreadHierarchicalTestExecutorService.invokeAll(SameThreadHierarchicalTestExecutorService.java:41) ~[junit-platform-engine-1.11.4.jar:1.11.4]
	at org.junit.platform.engine.support.hierarchical.NodeTestTask.lambda$executeRecursively$6(NodeTestTask.java:160) ~[junit-platform-engine-1.11.4.jar:1.11.4]
	at org.junit.platform.engine.support.hierarchical.ThrowableCollector.execute(ThrowableCollector.java:73) ~[junit-platform-engine-1.11.4.jar:1.11.4]
	at org.junit.platform.engine.support.hierarchical.NodeTestTask.lambda$executeRecursively$8(NodeTestTask.java:146) ~[junit-platform-engine-1.11.4.jar:1.11.4]
	at org.junit.platform.engine.support.hierarchical.Node.around(Node.java:137) ~[junit-platform-engine-1.11.4.jar:1.11.4]
	at org.junit.platform.engine.support.hierarchical.NodeTestTask.lambda$executeRecursively$9(NodeTestTask.java:144) ~[junit-platform-engine-1.11.4.jar:1.11.4]
	at org.junit.platform.engine.support.hierarchical.ThrowableCollector.execute(ThrowableCollector.java:73) ~[junit-platform-engine-1.11.4.jar:1.11.4]
	at org.junit.platform.engine.support.hierarchical.NodeTestTask.executeRecursively(NodeTestTask.java:143) ~[junit-platform-engine-1.11.4.jar:1.11.4]
	at org.junit.platform.engine.support.hierarchical.NodeTestTask.execute(NodeTestTask.java:100) ~[junit-platform-engine-1.11.4.jar:1.11.4]
	at java.base/java.util.ArrayList.forEach(ArrayList.java:1511) ~[na:na]
	at org.junit.platform.engine.support.hierarchical.SameThreadHierarchicalTestExecutorService.invokeAll(SameThreadHierarchicalTestExecutorService.java:41) ~[junit-platform-engine-1.11.4.jar:1.11.4]
	at org.junit.platform.engine.support.hierarchical.NodeTestTask.lambda$executeRecursively$6(NodeTestTask.java:160) ~[junit-platform-engine-1.11.4.jar:1.11.4]
	at org.junit.platform.engine.support.hierarchical.ThrowableCollector.execute(ThrowableCollector.java:73) ~[junit-platform-engine-1.11.4.jar:1.11.4]
	at org.junit.platform.engine.support.hierarchical.NodeTestTask.lambda$executeRecursively$8(NodeTestTask.java:146) ~[junit-platform-engine-1.11.4.jar:1.11.4]
	at org.junit.platform.engine.support.hierarchical.Node.around(Node.java:137) ~[junit-platform-engine-1.11.4.jar:1.11.4]
	at org.junit.platform.engine.support.hierarchical.NodeTestTask.lambda$executeRecursively$9(NodeTestTask.java:144) ~[junit-platform-engine-1.11.4.jar:1.11.4]
	at org.junit.platform.engine.support.hierarchical.ThrowableCollector.execute(ThrowableCollector.java:73) ~[junit-platform-engine-1.11.4.jar:1.11.4]
	at org.junit.platform.engine.support.hierarchical.NodeTestTask.executeRecursively(NodeTestTask.java:143) ~[junit-platform-engine-1.11.4.jar:1.11.4]
	at org.junit.platform.engine.support.hierarchical.NodeTestTask.execute(NodeTestTask.java:100) ~[junit-platform-engine-1.11.4.jar:1.11.4]
	at org.junit.platform.engine.support.hierarchical.SameThreadHierarchicalTestExecutorService.submit(SameThreadHierarchicalTestExecutorService.java:35) ~[junit-platform-engine-1.11.4.jar:1.11.4]
	at org.junit.platform.engine.support.hierarchical.HierarchicalTestExecutor.execute(HierarchicalTestExecutor.java:57) ~[junit-platform-engine-1.11.4.jar:1.11.4]
	at org.junit.platform.engine.support.hierarchical.HierarchicalTestEngine.execute(HierarchicalTestEngine.java:54) ~[junit-platform-engine-1.11.4.jar:1.11.4]
	at org.junit.platform.launcher.core.EngineExecutionOrchestrator.execute(EngineExecutionOrchestrator.java:198) ~[junit-platform-launcher-1.11.4.jar:1.11.4]
	at org.junit.platform.launcher.core.EngineExecutionOrchestrator.execute(EngineExecutionOrchestrator.java:169) ~[junit-platform-launcher-1.11.4.jar:1.11.4]
	at org.junit.platform.launcher.core.EngineExecutionOrchestrator.execute(EngineExecutionOrchestrator.java:93) ~[junit-platform-launcher-1.11.4.jar:1.11.4]
	at org.junit.platform.launcher.core.EngineExecutionOrchestrator.lambda$execute$0(EngineExecutionOrchestrator.java:58) ~[junit-platform-launcher-1.11.4.jar:1.11.4]
	at org.junit.platform.launcher.core.EngineExecutionOrchestrator.withInterceptedStreams(EngineExecutionOrchestrator.java:141) ~[junit-platform-launcher-1.11.4.jar:1.11.4]
	at org.junit.platform.launcher.core.EngineExecutionOrchestrator.execute(EngineExecutionOrchestrator.java:57) ~[junit-platform-launcher-1.11.4.jar:1.11.4]
	at org.junit.platform.launcher.core.DefaultLauncher.execute(DefaultLauncher.java:103) ~[junit-platform-launcher-1.11.4.jar:1.11.4]
	at org.junit.platform.launcher.core.DefaultLauncher.execute(DefaultLauncher.java:85) ~[junit-platform-launcher-1.11.4.jar:1.11.4]
	at org.junit.platform.launcher.core.DelegatingLauncher.execute(DelegatingLauncher.java:47) ~[junit-platform-launcher-1.11.4.jar:1.11.4]
	at org.apache.maven.surefire.junitplatform.LazyLauncher.execute(LazyLauncher.java:56) ~[surefire-junit-platform-3.5.2.jar:3.5.2]
	at org.apache.maven.surefire.junitplatform.JUnitPlatformProvider.execute(JUnitPlatformProvider.java:184) ~[surefire-junit-platform-3.5.2.jar:3.5.2]
	at org.apache.maven.surefire.junitplatform.JUnitPlatformProvider.invokeAllTests(JUnitPlatformProvider.java:148) ~[surefire-junit-platform-3.5.2.jar:3.5.2]
	at org.apache.maven.surefire.junitplatform.JUnitPlatformProvider.invoke(JUnitPlatformProvider.java:122) ~[surefire-junit-platform-3.5.2.jar:3.5.2]
	at org.apache.maven.surefire.booter.ForkedBooter.runSuitesInProcess(ForkedBooter.java:385) ~[surefire-booter-3.5.2.jar:3.5.2]
	at org.apache.maven.surefire.booter.ForkedBooter.execute(ForkedBooter.java:162) ~[surefire-booter-3.5.2.jar:3.5.2]
	at org.apache.maven.surefire.booter.ForkedBooter.run(ForkedBooter.java:507) ~[surefire-booter-3.5.2.jar:3.5.2]
	at org.apache.maven.surefire.booter.ForkedBooter.main(ForkedBooter.java:495) ~[surefire-booter-3.5.2.jar:3.5.2]

[ERROR] Tests run: 2, Failures: 0, Errors: 2, Skipped: 0, Time elapsed: 2.591 s <<< FAILURE! -- in com.makemytrip.modules.reviews.ReviewControllerUploadTest
[ERROR] com.makemytrip.modules.reviews.ReviewControllerUploadTest.uploadPhoto_rejectsFileOver5MB -- Time elapsed: 0.020 s <<< ERROR!
java.lang.IllegalStateException: Failed to load ApplicationContext for [WebMergedContextConfiguration@7d133fb7 testClass = com.makemytrip.modules.reviews.ReviewControllerUploadTest, locations = [], classes = [com.makemytrip.MakemytripApplication], contextInitializerClasses = [], activeProfiles = [], propertySourceDescriptors = [], propertySourceProperties = ["org.springframework.boot.test.autoconfigure.web.servlet.WebMvcTestContextBootstrapper=true"], contextCustomizers = [[ImportsContextCustomizer@40bd0f8 key = [org.springframework.boot.autoconfigure.task.TaskExecutionAutoConfiguration, org.springframework.boot.autoconfigure.cache.CacheAutoConfiguration, org.springframework.boot.autoconfigure.web.servlet.HttpEncodingAutoConfiguration, org.springframework.boot.autoconfigure.validation.ValidationAutoConfiguration, org.springframework.boot.autoconfigure.context.MessageSourceAutoConfiguration, org.springframework.boot.autoconfigure.hateoas.HypermediaAutoConfiguration, org.springframework.boot.autoconfigure.jackson.JacksonAutoConfiguration, org.springframework.boot.autoconfigure.data.web.SpringDataWebAutoConfiguration, org.springframework.boot.test.autoconfigure.web.reactive.WebTestClientAutoConfiguration, org.springframework.boot.autoconfigure.web.servlet.error.ErrorMvcAutoConfiguration, org.springframework.boot.test.autoconfigure.web.servlet.MockMvcAutoConfiguration, org.springframework.boot.autoconfigure.security.servlet.SecurityAutoConfiguration, org.springframework.boot.autoconfigure.security.servlet.SecurityFilterAutoConfiguration, org.springframework.boot.autoconfigure.http.HttpMessageConvertersAutoConfiguration, org.springframework.boot.autoconfigure.security.oauth2.client.servlet.OAuth2ClientAutoConfiguration, org.springframework.boot.test.autoconfigure.web.servlet.MockMvcSecurityConfiguration, org.springframework.boot.test.autoconfigure.web.servlet.MockMvcWebClientAutoConfiguration, org.springframework.boot.test.autoconfigure.web.servlet.MockMvcWebDriverAutoConfiguration, org.springframework.boot.autoconfigure.thymeleaf.ThymeleafAutoConfiguration, org.springframework.boot.autoconfigure.gson.GsonAutoConfiguration, org.springframework.boot.autoconfigure.jsonb.JsonbAutoConfiguration, org.springframework.boot.autoconfigure.freemarker.FreeMarkerAutoConfiguration, org.springframework.boot.autoconfigure.web.servlet.WebMvcAutoConfiguration, org.springframework.boot.autoconfigure.security.servlet.UserDetailsServiceAutoConfiguration, org.springframework.boot.autoconfigure.security.oauth2.resource.servlet.OAuth2ResourceServerAutoConfiguration, org.springframework.boot.autoconfigure.groovy.template.GroovyTemplateAutoConfiguration, org.springframework.boot.autoconfigure.mustache.MustacheAutoConfiguration]], org.springframework.boot.test.context.filter.ExcludeFilterContextCustomizer@7cb502c, org.springframework.boot.test.json.DuplicateJsonObjectContextCustomizerFactory$DuplicateJsonObjectContextCustomizer@4fbe37eb, org.springframework.boot.test.mock.mockito.MockitoContextCustomizer@47e10356, org.springframework.boot.test.web.reactor.netty.DisableReactorResourceFactoryGlobalResourcesContextCustomizerFactory$DisableReactorResourceFactoryGlobalResourcesContextCustomizerCustomizer@2474f125, org.springframework.boot.test.autoconfigure.OnFailureConditionReportContextCustomizerFactory$OnFailureConditionReportContextCustomizer@5717c37, org.springframework.boot.test.autoconfigure.OverrideAutoConfigurationContextCustomizerFactory$DisableAutoConfigurationContextCustomizer@3c01cfa1, org.springframework.boot.test.autoconfigure.actuate.observability.ObservabilityContextCustomizerFactory$DisableObservabilityContextCustomizer@1f, org.springframework.boot.test.autoconfigure.filter.TypeExcludeFiltersContextCustomizer@c4a28b58, org.springframework.boot.test.autoconfigure.properties.PropertyMappingContextCustomizer@f88083a3, org.springframework.boot.test.autoconfigure.web.servlet.WebDriverContextCustomizer@600b9d27, org.springframework.test.context.support.DynamicPropertiesContextCustomizer@0, org.springframework.boot.test.context.SpringBootTestAnnotation@3fadbe58], resourceBasePath = "src/main/webapp", contextLoader = org.springframework.boot.test.context.SpringBootContextLoader, parent = null]
	at org.springframework.test.context.cache.DefaultCacheAwareContextLoaderDelegate.loadContext(DefaultCacheAwareContextLoaderDelegate.java:180)
	at org.springframework.test.context.support.DefaultTestContext.getApplicationContext(DefaultTestContext.java:130)
	at org.springframework.boot.test.mock.mockito.MockitoTestExecutionListener.postProcessFields(MockitoTestExecutionListener.java:128)
	at org.springframework.boot.test.mock.mockito.MockitoTestExecutionListener.injectFields(MockitoTestExecutionListener.java:112)
	at org.springframework.boot.test.mock.mockito.MockitoTestExecutionListener.prepareTestInstance(MockitoTestExecutionListener.java:69)
	at org.springframework.test.context.TestContextManager.prepareTestInstance(TestContextManager.java:260)
	at org.springframework.test.context.junit.jupiter.SpringExtension.postProcessTestInstance(SpringExtension.java:160)
	at java.base/java.util.stream.ForEachOps$ForEachOp$OfRef.accept(ForEachOps.java:183)
	at java.base/java.util.stream.ReferencePipeline$3$1.accept(ReferencePipeline.java:197)
	at java.base/java.util.stream.ReferencePipeline$2$1.accept(ReferencePipeline.java:179)
	at java.base/java.util.stream.ReferencePipeline$3$1.accept(ReferencePipeline.java:197)
	at java.base/java.util.ArrayList$ArrayListSpliterator.forEachRemaining(ArrayList.java:1625)
	at java.base/java.util.stream.AbstractPipeline.copyInto(AbstractPipeline.java:509)
	at java.base/java.util.stream.AbstractPipeline.wrapAndCopyInto(AbstractPipeline.java:499)
	at java.base/java.util.stream.ForEachOps$ForEachOp.evaluateSequential(ForEachOps.java:150)
	at java.base/java.util.stream.ForEachOps$ForEachOp$OfRef.evaluateSequential(ForEachOps.java:173)
	at java.base/java.util.stream.AbstractPipeline.evaluate(AbstractPipeline.java:234)
	at java.base/java.util.stream.ReferencePipeline.forEach(ReferencePipeline.java:596)
	at java.base/java.util.Optional.orElseGet(Optional.java:364)
	at java.base/java.util.ArrayList.forEach(ArrayList.java:1511)
	at java.base/java.util.ArrayList.forEach(ArrayList.java:1511)
Caused by: org.springframework.beans.factory.UnsatisfiedDependencyException: Error creating bean with name 'jwtAuthenticationFilter' defined in file [E:\ProJect\make-my-trip-clone-springboot-main\make-my-trip-clone-springboot-main\target\classes\com\makemytrip\security\JwtAuthenticationFilter.class]: Unsatisfied dependency expressed through constructor parameter 0: No qualifying bean of type 'com.makemytrip.security.JwtService' available: expected at least 1 bean which qualifies as autowire candidate. Dependency annotations: {}
	at org.springframework.beans.factory.support.ConstructorResolver.createArgumentArray(ConstructorResolver.java:804)
	at org.springframework.beans.factory.support.ConstructorResolver.autowireConstructor(ConstructorResolver.java:240)
	at org.springframework.beans.factory.support.AbstractAutowireCapableBeanFactory.autowireConstructor(AbstractAutowireCapableBeanFactory.java:1377)
	at org.springframework.beans.factory.support.AbstractAutowireCapableBeanFactory.createBeanInstance(AbstractAutowireCapableBeanFactory.java:1214)
	at org.springframework.beans.factory.support.AbstractAutowireCapableBeanFactory.doCreateBean(AbstractAutowireCapableBeanFactory.java:563)
	at org.springframework.beans.factory.support.AbstractAutowireCapableBeanFactory.createBean(AbstractAutowireCapableBeanFactory.java:523)
	at org.springframework.beans.factory.support.AbstractBeanFactory.lambda$doGetBean$0(AbstractBeanFactory.java:336)
	at org.springframework.beans.factory.support.DefaultSingletonBeanRegistry.getSingleton(DefaultSingletonBeanRegistry.java:289)
	at org.springframework.beans.factory.support.AbstractBeanFactory.doGetBean(AbstractBeanFactory.java:334)
	at org.springframework.beans.factory.support.AbstractBeanFactory.getBean(AbstractBeanFactory.java:199)
	at org.springframework.beans.factory.support.DefaultListableBeanFactory.instantiateSingleton(DefaultListableBeanFactory.java:1122)
	at org.springframework.beans.factory.support.DefaultListableBeanFactory.preInstantiateSingleton(DefaultListableBeanFactory.java:1093)
	at org.springframework.beans.factory.support.DefaultListableBeanFactory.preInstantiateSingletons(DefaultListableBeanFactory.java:1030)
	at org.springframework.context.support.AbstractApplicationContext.finishBeanFactoryInitialization(AbstractApplicationContext.java:987)
	at org.springframework.context.support.AbstractApplicationContext.refresh(AbstractApplicationContext.java:627)
	at org.springframework.boot.SpringApplication.refresh(SpringApplication.java:752)
	at org.springframework.boot.SpringApplication.refreshContext(SpringApplication.java:439)
	at org.springframework.boot.SpringApplication.run(SpringApplication.java:318)
	at org.springframework.boot.test.context.SpringBootContextLoader.lambda$loadContext$3(SpringBootContextLoader.java:137)
	at org.springframework.util.function.ThrowingSupplier.get(ThrowingSupplier.java:58)
	at org.springframework.util.function.ThrowingSupplier.get(ThrowingSupplier.java:46)
	at org.springframework.boot.SpringApplication.withHook(SpringApplication.java:1461)
	at org.springframework.boot.test.context.SpringBootContextLoader$ContextLoaderHook.run(SpringBootContextLoader.java:553)
	at org.springframework.boot.test.context.SpringBootContextLoader.loadContext(SpringBootContextLoader.java:137)
	at org.springframework.boot.test.context.SpringBootContextLoader.loadContext(SpringBootContextLoader.java:108)
	at org.springframework.test.context.cache.DefaultCacheAwareContextLoaderDelegate.loadContextInternal(DefaultCacheAwareContextLoaderDelegate.java:225)
	at org.springframework.test.context.cache.DefaultCacheAwareContextLoaderDelegate.loadContext(DefaultCacheAwareContextLoaderDelegate.java:152)
	... 20 more
Caused by: org.springframework.beans.factory.NoSuchBeanDefinitionException: No qualifying bean of type 'com.makemytrip.security.JwtService' available: expected at least 1 bean which qualifies as autowire candidate. Dependency annotations: {}
	at org.springframework.beans.factory.support.DefaultListableBeanFactory.raiseNoMatchingBeanFound(DefaultListableBeanFactory.java:2144)
	at org.springframework.beans.factory.support.DefaultListableBeanFactory.doResolveDependency(DefaultListableBeanFactory.java:1594)
	at org.springframework.beans.factory.support.DefaultListableBeanFactory.resolveDependency(DefaultListableBeanFactory.java:1519)
	at org.springframework.beans.factory.support.ConstructorResolver.resolveAutowiredArgument(ConstructorResolver.java:913)
	at org.springframework.beans.factory.support.ConstructorResolver.createArgumentArray(ConstructorResolver.java:791)
	... 46 more

[ERROR] com.makemytrip.modules.reviews.ReviewControllerUploadTest.uploadPhoto_rejectsNonImageContentType -- Time elapsed: 0.001 s <<< ERROR!
java.lang.IllegalStateException: ApplicationContext failure threshold (1) exceeded: skipping repeated attempt to load context for [WebMergedContextConfiguration@7d133fb7 testClass = com.makemytrip.modules.reviews.ReviewControllerUploadTest, locations = [], classes = [com.makemytrip.MakemytripApplication], contextInitializerClasses = [], activeProfiles = [], propertySourceDescriptors = [], propertySourceProperties = ["org.springframework.boot.test.autoconfigure.web.servlet.WebMvcTestContextBootstrapper=true"], contextCustomizers = [[ImportsContextCustomizer@40bd0f8 key = [org.springframework.boot.autoconfigure.task.TaskExecutionAutoConfiguration, org.springframework.boot.autoconfigure.cache.CacheAutoConfiguration, org.springframework.boot.autoconfigure.web.servlet.HttpEncodingAutoConfiguration, org.springframework.boot.autoconfigure.validation.ValidationAutoConfiguration, org.springframework.boot.autoconfigure.context.MessageSourceAutoConfiguration, org.springframework.boot.autoconfigure.hateoas.HypermediaAutoConfiguration, org.springframework.boot.autoconfigure.jackson.JacksonAutoConfiguration, org.springframework.boot.autoconfigure.data.web.SpringDataWebAutoConfiguration, org.springframework.boot.test.autoconfigure.web.reactive.WebTestClientAutoConfiguration, org.springframework.boot.autoconfigure.web.servlet.error.ErrorMvcAutoConfiguration, org.springframework.boot.test.autoconfigure.web.servlet.MockMvcAutoConfiguration, org.springframework.boot.autoconfigure.security.servlet.SecurityAutoConfiguration, org.springframework.boot.autoconfigure.security.servlet.SecurityFilterAutoConfiguration, org.springframework.boot.autoconfigure.http.HttpMessageConvertersAutoConfiguration, org.springframework.boot.autoconfigure.security.oauth2.client.servlet.OAuth2ClientAutoConfiguration, org.springframework.boot.test.autoconfigure.web.servlet.MockMvcSecurityConfiguration, org.springframework.boot.test.autoconfigure.web.servlet.MockMvcWebClientAutoConfiguration, org.springframework.boot.test.autoconfigure.web.servlet.MockMvcWebDriverAutoConfiguration, org.springframework.boot.autoconfigure.thymeleaf.ThymeleafAutoConfiguration, org.springframework.boot.autoconfigure.gson.GsonAutoConfiguration, org.springframework.boot.autoconfigure.jsonb.JsonbAutoConfiguration, org.springframework.boot.autoconfigure.freemarker.FreeMarkerAutoConfiguration, org.springframework.boot.autoconfigure.web.servlet.WebMvcAutoConfiguration, org.springframework.boot.autoconfigure.security.servlet.UserDetailsServiceAutoConfiguration, org.springframework.boot.autoconfigure.security.oauth2.resource.servlet.OAuth2ResourceServerAutoConfiguration, org.springframework.boot.autoconfigure.groovy.template.GroovyTemplateAutoConfiguration, org.springframework.boot.autoconfigure.mustache.MustacheAutoConfiguration]], org.springframework.boot.test.context.filter.ExcludeFilterContextCustomizer@7cb502c, org.springframework.boot.test.json.DuplicateJsonObjectContextCustomizerFactory$DuplicateJsonObjectContextCustomizer@4fbe37eb, org.springframework.boot.test.mock.mockito.MockitoContextCustomizer@47e10356, org.springframework.boot.test.web.reactor.netty.DisableReactorResourceFactoryGlobalResourcesContextCustomizerFactory$DisableReactorResourceFactoryGlobalResourcesContextCustomizerCustomizer@2474f125, org.springframework.boot.test.autoconfigure.OnFailureConditionReportContextCustomizerFactory$OnFailureConditionReportContextCustomizer@5717c37, org.springframework.boot.test.autoconfigure.OverrideAutoConfigurationContextCustomizerFactory$DisableAutoConfigurationContextCustomizer@3c01cfa1, org.springframework.boot.test.autoconfigure.actuate.observability.ObservabilityContextCustomizerFactory$DisableObservabilityContextCustomizer@1f, org.springframework.boot.test.autoconfigure.filter.TypeExcludeFiltersContextCustomizer@c4a28b58, org.springframework.boot.test.autoconfigure.properties.PropertyMappingContextCustomizer@f88083a3, org.springframework.boot.test.autoconfigure.web.servlet.WebDriverContextCustomizer@600b9d27, org.springframework.test.context.support.DynamicPropertiesContextCustomizer@0, org.springframework.boot.test.context.SpringBootTestAnnotation@3fadbe58], resourceBasePath = "src/main/webapp", contextLoader = org.springframework.boot.test.context.SpringBootContextLoader, parent = null]
	at org.springframework.test.context.cache.DefaultCacheAwareContextLoaderDelegate.loadContext(DefaultCacheAwareContextLoaderDelegate.java:145)
	at org.springframework.test.context.support.DefaultTestContext.getApplicationContext(DefaultTestContext.java:130)
	at org.springframework.boot.test.mock.mockito.MockitoTestExecutionListener.postProcessFields(MockitoTestExecutionListener.java:128)
	at org.springframework.boot.test.mock.mockito.MockitoTestExecutionListener.injectFields(MockitoTestExecutionListener.java:112)
	at org.springframework.boot.test.mock.mockito.MockitoTestExecutionListener.prepareTestInstance(MockitoTestExecutionListener.java:69)
	at org.springframework.test.context.TestContextManager.prepareTestInstance(TestContextManager.java:260)
	at org.springframework.test.context.junit.jupiter.SpringExtension.postProcessTestInstance(SpringExtension.java:160)
	at java.base/java.util.stream.ForEachOps$ForEachOp$OfRef.accept(ForEachOps.java:183)
	at java.base/java.util.stream.ReferencePipeline$3$1.accept(ReferencePipeline.java:197)
	at java.base/java.util.stream.ReferencePipeline$2$1.accept(ReferencePipeline.java:179)
	at java.base/java.util.stream.ReferencePipeline$3$1.accept(ReferencePipeline.java:197)
	at java.base/java.util.ArrayList$ArrayListSpliterator.forEachRemaining(ArrayList.java:1625)
	at java.base/java.util.stream.AbstractPipeline.copyInto(AbstractPipeline.java:509)
	at java.base/java.util.stream.AbstractPipeline.wrapAndCopyInto(AbstractPipeline.java:499)
	at java.base/java.util.stream.ForEachOps$ForEachOp.evaluateSequential(ForEachOps.java:150)
	at java.base/java.util.stream.ForEachOps$ForEachOp$OfRef.evaluateSequential(ForEachOps.java:173)
	at java.base/java.util.stream.AbstractPipeline.evaluate(AbstractPipeline.java:234)
	at java.base/java.util.stream.ReferencePipeline.forEach(ReferencePipeline.java:596)
	at java.base/java.util.Optional.orElseGet(Optional.java:364)
	at java.base/java.util.ArrayList.forEach(ArrayList.java:1511)
	at java.base/java.util.ArrayList.forEach(ArrayList.java:1511)

[INFO] 
[INFO] Results:
[INFO] 
[ERROR] Errors: 
[ERROR]   ReviewControllerUploadTest.uploadPhoto_rejectsFileOver5MB ╗ IllegalState Failed to load ApplicationContext for [WebMergedContextConfiguration@7d133fb7 testClass = com.makemytrip.modules.reviews.ReviewControllerUploadTest, locations = [], classes = [com.makemytrip.MakemytripApplication], contextInitializerClasses = [], activeProfiles = [], propertySourceDescriptors = [], propertySourceProperties = ["org.springframework.boot.test.autoconfigure.web.servlet.WebMvcTestContextBootstrapper=true"], contextCustomizers = [[ImportsContextCustomizer@40bd0f8 key = [org.springframework.boot.autoconfigure.task.TaskExecutionAutoConfiguration, org.springframework.boot.autoconfigure.cache.CacheAutoConfiguration, org.springframework.boot.autoconfigure.web.servlet.HttpEncodingAutoConfiguration, org.springframework.boot.autoconfigure.validation.ValidationAutoConfiguration, org.springframework.boot.autoconfigure.context.MessageSourceAutoConfiguration, org.springframework.boot.autoconfigure.hateoas.HypermediaAutoConfiguration, org.springframework.boot.autoconfigure.jackson.JacksonAutoConfiguration, org.springframework.boot.autoconfigure.data.web.SpringDataWebAutoConfiguration, org.springframework.boot.test.autoconfigure.web.reactive.WebTestClientAutoConfiguration, org.springframework.boot.autoconfigure.web.servlet.error.ErrorMvcAutoConfiguration, org.springframework.boot.test.autoconfigure.web.servlet.MockMvcAutoConfiguration, org.springframework.boot.autoconfigure.security.servlet.SecurityAutoConfiguration, org.springframework.boot.autoconfigure.security.servlet.SecurityFilterAutoConfiguration, org.springframework.boot.autoconfigure.http.HttpMessageConvertersAutoConfiguration, org.springframework.boot.autoconfigure.security.oauth2.client.servlet.OAuth2ClientAutoConfiguration, org.springframework.boot.test.autoconfigure.web.servlet.MockMvcSecurityConfiguration, org.springframework.boot.test.autoconfigure.web.servlet.MockMvcWebClientAutoConfiguration, org.springframework.boot.test.autoconfigure.web.servlet.MockMvcWebDriverAutoConfiguration, org.springframework.boot.autoconfigure.thymeleaf.ThymeleafAutoConfiguration, org.springframework.boot.autoconfigure.gson.GsonAutoConfiguration, org.springframework.boot.autoconfigure.jsonb.JsonbAutoConfiguration, org.springframework.boot.autoconfigure.freemarker.FreeMarkerAutoConfiguration, org.springframework.boot.autoconfigure.web.servlet.WebMvcAutoConfiguration, org.springframework.boot.autoconfigure.security.servlet.UserDetailsServiceAutoConfiguration, org.springframework.boot.autoconfigure.security.oauth2.resource.servlet.OAuth2ResourceServerAutoConfiguration, org.springframework.boot.autoconfigure.groovy.template.GroovyTemplateAutoConfiguration, org.springframework.boot.autoconfigure.mustache.MustacheAutoConfiguration]], org.springframework.boot.test.context.filter.ExcludeFilterContextCustomizer@7cb502c, org.springframework.boot.test.json.DuplicateJsonObjectContextCustomizerFactory$DuplicateJsonObjectContextCustomizer@4fbe37eb, org.springframework.boot.test.mock.mockito.MockitoContextCustomizer@47e10356, org.springframework.boot.test.web.reactor.netty.DisableReactorResourceFactoryGlobalResourcesContextCustomizerFactory$DisableReactorResourceFactoryGlobalResourcesContextCustomizerCustomizer@2474f125, org.springframework.boot.test.autoconfigure.OnFailureConditionReportContextCustomizerFactory$OnFailureConditionReportContextCustomizer@5717c37, org.springframework.boot.test.autoconfigure.OverrideAutoConfigurationContextCustomizerFactory$DisableAutoConfigurationContextCustomizer@3c01cfa1, org.springframework.boot.test.autoconfigure.actuate.observability.ObservabilityContextCustomizerFactory$DisableObservabilityContextCustomizer@1f, org.springframework.boot.test.autoconfigure.filter.TypeExcludeFiltersContextCustomizer@c4a28b58, org.springframework.boot.test.autoconfigure.properties.PropertyMappingContextCustomizer@f88083a3, org.springframework.boot.test.autoconfigure.web.servlet.WebDriverContextCustomizer@600b9d27, org.springframework.test.context.support.DynamicPropertiesContextCustomizer@0, org.springframework.boot.test.context.SpringBootTestAnnotation@3fadbe58], resourceBasePath = "src/main/webapp", contextLoader = org.springframework.boot.test.context.SpringBootContextLoader, parent = null]
[ERROR]   ReviewControllerUploadTest.uploadPhoto_rejectsNonImageContentType ╗ IllegalState ApplicationContext failure threshold (1) exceeded: skipping repeated attempt to load context for [WebMergedContextConfiguration@7d133fb7 testClass = com.makemytrip.modules.reviews.ReviewControllerUploadTest, locations = [], classes = [com.makemytrip.MakemytripApplication], contextInitializerClasses = [], activeProfiles = [], propertySourceDescriptors = [], propertySourceProperties = ["org.springframework.boot.test.autoconfigure.web.servlet.WebMvcTestContextBootstrapper=true"], contextCustomizers = [[ImportsContextCustomizer@40bd0f8 key = [org.springframework.boot.autoconfigure.task.TaskExecutionAutoConfiguration, org.springframework.boot.autoconfigure.cache.CacheAutoConfiguration, org.springframework.boot.autoconfigure.web.servlet.HttpEncodingAutoConfiguration, org.springframework.boot.autoconfigure.validation.ValidationAutoConfiguration, org.springframework.boot.autoconfigure.context.MessageSourceAutoConfiguration, org.springframework.boot.autoconfigure.hateoas.HypermediaAutoConfiguration, org.springframework.boot.autoconfigure.jackson.JacksonAutoConfiguration, org.springframework.boot.autoconfigure.data.web.SpringDataWebAutoConfiguration, org.springframework.boot.test.autoconfigure.web.reactive.WebTestClientAutoConfiguration, org.springframework.boot.autoconfigure.web.servlet.error.ErrorMvcAutoConfiguration, org.springframework.boot.test.autoconfigure.web.servlet.MockMvcAutoConfiguration, org.springframework.boot.autoconfigure.security.servlet.SecurityAutoConfiguration, org.springframework.boot.autoconfigure.security.servlet.SecurityFilterAutoConfiguration, org.springframework.boot.autoconfigure.http.HttpMessageConvertersAutoConfiguration, org.springframework.boot.autoconfigure.security.oauth2.client.servlet.OAuth2ClientAutoConfiguration, org.springframework.boot.test.autoconfigure.web.servlet.MockMvcSecurityConfiguration, org.springframework.boot.test.autoconfigure.web.servlet.MockMvcWebClientAutoConfiguration, org.springframework.boot.test.autoconfigure.web.servlet.MockMvcWebDriverAutoConfiguration, org.springframework.boot.autoconfigure.thymeleaf.ThymeleafAutoConfiguration, org.springframework.boot.autoconfigure.gson.GsonAutoConfiguration, org.springframework.boot.autoconfigure.jsonb.JsonbAutoConfiguration, org.springframework.boot.autoconfigure.freemarker.FreeMarkerAutoConfiguration, org.springframework.boot.autoconfigure.web.servlet.WebMvcAutoConfiguration, org.springframework.boot.autoconfigure.security.servlet.UserDetailsServiceAutoConfiguration, org.springframework.boot.autoconfigure.security.oauth2.resource.servlet.OAuth2ResourceServerAutoConfiguration, org.springframework.boot.autoconfigure.groovy.template.GroovyTemplateAutoConfiguration, org.springframework.boot.autoconfigure.mustache.MustacheAutoConfiguration]], org.springframework.boot.test.context.filter.ExcludeFilterContextCustomizer@7cb502c, org.springframework.boot.test.json.DuplicateJsonObjectContextCustomizerFactory$DuplicateJsonObjectContextCustomizer@4fbe37eb, org.springframework.boot.test.mock.mockito.MockitoContextCustomizer@47e10356, org.springframework.boot.test.web.reactor.netty.DisableReactorResourceFactoryGlobalResourcesContextCustomizerFactory$DisableReactorResourceFactoryGlobalResourcesContextCustomizerCustomizer@2474f125, org.springframework.boot.test.autoconfigure.OnFailureConditionReportContextCustomizerFactory$OnFailureConditionReportContextCustomizer@5717c37, org.springframework.boot.test.autoconfigure.OverrideAutoConfigurationContextCustomizerFactory$DisableAutoConfigurationContextCustomizer@3c01cfa1, org.springframework.boot.test.autoconfigure.actuate.observability.ObservabilityContextCustomizerFactory$DisableObservabilityContextCustomizer@1f, org.springframework.boot.test.autoconfigure.filter.TypeExcludeFiltersContextCustomizer@c4a28b58, org.springframework.boot.test.autoconfigure.properties.PropertyMappingContextCustomizer@f88083a3, org.springframework.boot.test.autoconfigure.web.servlet.WebDriverContextCustomizer@600b9d27, org.springframework.test.context.support.DynamicPropertiesContextCustomizer@0, org.springframework.boot.test.context.SpringBootTestAnnotation@3fadbe58], resourceBasePath = "src/main/webapp", contextLoader = org.springframework.boot.test.context.SpringBootContextLoader, parent = null]
[INFO] 
[ERROR] Tests run: 2, Failures: 0, Errors: 2, Skipped: 0
[INFO] 
[INFO] ------------------------------------------------------------------------
[INFO] BUILD FAILURE
[INFO] ------------------------------------------------------------------------
[INFO] Total time:  4.969 s
[INFO] Finished at: 2026-03-19T16:49:45+05:30
[INFO] ------------------------------------------------------------------------
[ERROR] Failed to execute goal org.apache.maven.plugins:maven-surefire-plugin:3.5.2:test (default-test) on project makemytrip: 
[ERROR] 
[ERROR] See E:\ProJect\make-my-trip-clone-springboot-main\make-my-trip-clone-springboot-main\target\surefire-reports for the individual test results.
[ERROR] See dump files (if any exist) [date].dump, [date]-jvmRun[N].dump and [date].dumpstream.
[ERROR] -> [Help 1]
[ERROR] 
[ERROR] To see the full stack trace of the errors, re-run Maven with the -e switch.
[ERROR] Re-run Maven using the -X switch to enable full debug logging.
[ERROR] 
[ERROR] For more information about the errors and possible solutions, please read the following articles:
[ERROR] [Help 1] http://cwiki.apache.org/confluence/display/MAVEN/MojoFailureException
